78.97.159.22 - - [17/Apr/2016:08:16:13 -0400] "GET /b/wp-content/plugins/bwp-minify/min/?f=b/wp-includes/js/mediaelement/mediaelement-and-player.min.js,b/wp-includes/js/mediaelement/wp-mediaelement.min.js,b/wp-content/plugins/jetpack/_inc/postmessage.js,b/wp-content/plugins/jetpack/_inc/jquery.jetpack-resize.js,b/wp-content/plugins/jetpack/_inc/jquery.inview.js,b/wp-content/plugins/jetpack/modules/likes/queuehandler.js,b/wp-content/plugins/jetpack/modules/sharedaddy/sharing.js HTTP/1.1" 200 31444 "https://rud.is/b/2016/03/26/nuclear-animations-in-r/" "Mozilla/5.0 (Windows NT 6.3; WOW64) AppleWebKit/537.36 (KHTML, like Gecko) Chrome/49.0.2623.112 Safari/537.36"
78.97.159.22 - - [17/Apr/2016:08:16:15 -0400] "GET /b/wp-content/plugins/jetpack/modules/sharedaddy/images/loading.gif HTTP/1.1" 200 2530 "https://rud.is/b/2016/03/26/nuclear-animations-in-r/" "Mozilla/5.0 (Windows NT 6.3; WOW64) AppleWebKit/537.36 (KHTML, like Gecko) Chrome/49.0.2623.112 Safari/537.36"
78.97.159.22 - - [17/Apr/2016:08:16:15 -0400] "GET /b/wp-includes/js/wp-emoji-release.min.js?ver=4d618601f270b2b25e1705d89c1e3dbd HTTP/1.1" 200 9802 "https://rud.is/b/2016/03/26/nuclear-animations-in-r/" "Mozilla/5.0 (Windows NT 6.3; WOW64) AppleWebKit/537.36 (KHTML, like Gecko) Chrome/49.0.2623.112 Safari/537.36"
78.97.159.22 - - [17/Apr/2016:08:16:16 -0400] "GET /b/wp-content/plugins/bwp-minify/min/?f=b/wp-content/themes/read/css/print.css HTTP/1.1" 200 337 "https://rud.is/b/2016/03/26/nuclear-animations-in-r/" "Mozilla/5.0 (Windows NT 6.3; WOW64) AppleWebKit/537.36 (KHTML, like Gecko) Chrome/49.0.2623.112 Safari/537.36"
78.97.159.22 - - [17/Apr/2016:08:16:16 -0400] "GET /piwik/piwik.php?idsite=2&rec=1 HTTP/1.1" 200 54 "-" "Mozilla/5.0 (Windows NT 6.3; WOW64) AppleWebKit/537.36 (KHTML, like Gecko) Chrome/49.0.2623.112 Safari/537.36"
78.97.159.22 - - [17/Apr/2016:08:16:17 -0400] "GET /b/wp-content/themes/read/css/fonts/justvector/justvector-webfont.woff HTTP/1.1" 200 30168 "https://rud.is/b/wp-content/plugins/bwp-minify/min/?f=b/wp-content/themes/read/css/flexslider.css,b/wp-content/themes/read/css/gamma-gallery.css,b/wp-content/themes/read/css/main.css,b/wp-content/themes/read/css/jquery.fancybox-1.3.4.css,b/wp-content/themes/read/css/wp-fix.css,b/wp-content/plugins/jetpack/modules/sharedaddy/sharing.css,b/wp-content/plugins/jetpack/_inc/genericons/genericons/genericons.css,b/wp-content/plugins/jetpack/css/jetpack.css" "Mozilla/5.0 (Windows NT 6.3; WOW64) AppleWebKit/537.36 (KHTML, like Gecko) Chrome/49.0.2623.112 Safari/537.36"
78.97.159.22 - - [17/Apr/2016:08:16:17 -0400] "GET /b/wp-content/themes/read/css/fonts/FontAwesome/fontawesome-webfont.woff HTTP/1.1" 200 41752 "https://rud.is/b/wp-content/plugins/bwp-minify/min/?f=b/wp-content/plugins/jetpack/modules/related-posts/related-posts.css,b/wp-content/plugins/captcha/css/style.css,b/wp-content/plugins/captcha/css/desktop_style.css,b/wp-content/plugins/wp-syntax/css/wp-syntax.css,b/wp-content/plugins/jetpack/modules/likes/style.css,b/wp-content/themes/read/css/grid.css,b/wp-content/themes/read/css/normalize.css,b/wp-content/themes/read/css/font-awesome.css,b/wp-content/themes/read/js/google-code-prettify/prettify.css,b/wp-content/themes/read/css/uniform.default.css" "Mozilla/5.0 (Windows NT 6.3; WOW64) AppleWebKit/537.36 (KHTML, like Gecko) Chrome/49.0.2623.112 Safari/537.36"
78.97.159.22 - - [17/Apr/2016:08:16:18 -0400] "GET /b/wp-content/themes/read/images/bckg/loader_light.gif HTTP/1.1" 200 9303 "https://rud.is/b/wp-content/plugins/bwp-minify/min/?f=b/wp-content/themes/read/css/flexslider.css,b/wp-content/themes/read/css/gamma-gallery.css,b/wp-content/themes/read/css/main.css,b/wp-content/themes/read/css/jquery.fancybox-1.3.4.css,b/wp-content/themes/read/css/wp-fix.css,b/wp-content/plugins/jetpack/modules/sharedaddy/sharing.css,b/wp-content/plugins/jetpack/_inc/genericons/genericons/genericons.css,b/wp-content/plugins/jetpack/css/jetpack.css" "Mozilla/5.0 (Windows NT 6.3; WOW64) AppleWebKit/537.36 (KHTML, like Gecko) Chrome/49.0.2623.112 Safari/537.36"
78.97.159.22 - - [17/Apr/2016:08:16:31 -0400] "GET /b/wp-includes/js/mediaelement/controls.svg HTTP/1.1" 200 10344 "https://rud.is/b/wp-content/plugins/bwp-minify/min/?f=b/wp-content/plugins/jetpack/modules/subscriptions/subscriptions.css,b/wp-includes/js/mediaelement/mediaelementplayer.min.css,b/wp-includes/js/mediaelement/wp-mediaelement.min.css" "Mozilla/5.0 (Windows NT 6.3; WOW64) AppleWebKit/537.36 (KHTML, like Gecko) Chrome/49.0.2623.112 Safari/537.36"
78.97.159.22 - - [17/Apr/2016:08:16:31 -0400] "GET /b/wp-content/themes/read/images/bckg/loader_dark.gif HTTP/1.1" 200 9040 "https://rud.is/b/wp-content/plugins/bwp-minify/min/?f=b/wp-content/themes/read/css/flexslider.css,b/wp-content/themes/read/css/gamma-gallery.css,b/wp-content/themes/read/css/main.css,b/wp-content/themes/read/css/jquery.fancybox-1.3.4.css,b/wp-content/themes/read/css/wp-fix.css,b/wp-content/plugins/jetpack/modules/sharedaddy/sharing.css,b/wp-content/plugins/jetpack/_inc/genericons/genericons/genericons.css,b/wp-content/plugins/jetpack/css/jetpack.css" "Mozilla/5.0 (Windows NT 6.3; WOW64) AppleWebKit/537.36 (KHTML, like Gecko) Chrome/49.0.2623.112 Safari/537.36"
78.97.159.22 - - [17/Apr/2016:08:16:31 -0400] "GET /b/wp-includes/js/mediaelement/bigplay.svg HTTP/1.1" 200 1029 "https://rud.is/b/wp-content/plugins/bwp-minify/min/?f=b/wp-content/plugins/jetpack/modules/subscriptions/subscriptions.css,b/wp-includes/js/mediaelement/mediaelementplayer.min.css,b/wp-includes/js/mediaelement/wp-mediaelement.min.css" "Mozilla/5.0 (Windows NT 6.3; WOW64) AppleWebKit/537.36 (KHTML, like Gecko) Chrome/49.0.2623.112 Safari/537.36"
78.97.159.22 - - [17/Apr/2016:08:16:31 -0400] "GET /b/2016/03/26/nuclear-animations-in-r/?relatedposts=1 HTTP/1.1" 200 18416 "https://rud.is/b/2016/03/26/nuclear-animations-in-r/" "Mozilla/5.0 (Windows NT 6.3; WOW64) AppleWebKit/537.36 (KHTML, like Gecko) Chrome/49.0.2623.112 Safari/537.36"
89.102.1.99 - - [17/Apr/2016:08:16:31 -0400] "GET /b/wp-content/uploads/2016/04/percapita.png HTTP/1.1" 200 127720 "http://www.r-bloggers.com/page/3/" "Mozilla/5.0 (X11; Ubuntu; Linux i686; rv:45.0) Gecko/20100101 Firefox/45.0"
87.231.156.74 - - [17/Apr/2016:08:16:36 -0400] "GET /piwik//piwik.js HTTP/1.1" 200 18147 "http://datadrivensecurity.info/blog/posts/2015/Jan/building-security-dashboards-with-r-and-shiny-shinydashboard/" "Mozilla/5.0 (Macintosh; Intel Mac OS X 10_11_3) AppleWebKit/537.36 (KHTML, like Gecko) Chrome/49.0.2623.112 Safari/537.36"
87.231.156.74 - - [17/Apr/2016:08:16:37 -0400] "GET /piwik//piwik.php?action_name=Building%20%5BSecurity%5D%20Dashboards%20w%2FR%20%26%20Shiny%20%2B%C2%A0shinydashboard&idsite=1&rec=1&r=975554&h=14&m=16&s=36&url=http%3A%2F%2Fdatadrivensecurity.info%2Fblog%2Fposts%2F2015%2FJan%2Fbuilding-security-dashboards-with-r-and-shiny-shinydashboard%2F&urlref=https%3A%2F%2Fwww.google.fr%2F&_id=05fb9d7b0c0f8911&_idts=1460895397&_idvc=1&_idn=0&_refts=1460895397&_viewts=1460895397&_ref=https%3A%2F%2Fwww.google.fr%2F&send_image=0&pdf=1&qt=0&realp=0&wma=0&dir=0&fla=1&java=0&gears=0&ag=0&cookie=1&res=1366x768&gt_ms=108 HTTP/1.1" 204 0 "http://datadrivensecurity.info/blog/posts/2015/Jan/building-security-dashboards-with-r-and-shiny-shinydashboard/" "Mozilla/5.0 (Macintosh; Intel Mac OS X 10_11_3) AppleWebKit/537.36 (KHTML, like Gecko) Chrome/49.0.2623.112 Safari/537.36"
180.76.15.162 - - [17/Apr/2016:08:16:43 -0400] "GET /b HTTP/1.1" 301 193 "-" "Mozilla/5.0 (compatible; Baiduspider/2.0; +http://www.baidu.com/search/spider.html)"
180.76.15.156 - - [17/Apr/2016:08:16:45 -0400] "GET /b/ HTTP/1.1" 200 8593 "-" "Mozilla/5.0 (compatible; Baiduspider/2.0; +http://www.baidu.com/search/spider.html)"
70.51.85.48 - - [17/Apr/2016:08:16:46 -0400] "GET /b/wp-content/uploads/2016/04/homelesslines.png HTTP/1.1" 200 136477 "http://feedly.com/i/subscription/feed/http://feeds.feedburner.com/RBloggers" "Mozilla/5.0 (Windows NT 10.0; Win64; x64; rv:45.0) Gecko/20100101 Firefox/45.0"
70.51.85.48 - - [17/Apr/2016:08:16:46 -0400] "GET /b/wp-content/uploads/2016/04/drones-by-state-and-pop.png HTTP/1.1" 200 59873 "http://feedly.com/i/subscription/feed/http://feeds.feedburner.com/RBloggers" "Mozilla/5.0 (Windows NT 10.0; Win64; x64; rv:45.0) Gecko/20100101 Firefox/45.0"
70.51.85.48 - - [17/Apr/2016:08:16:46 -0400] "GET /b/wp-content/uploads/2016/04/waste.png HTTP/1.1" 200 87878 "http://feedly.com/i/subscription/feed/http://feeds.feedburner.com/RBloggers" "Mozilla/5.0 (Windows NT 10.0; Win64; x64; rv:45.0) Gecko/20100101 Firefox/45.0"
208.115.113.91 - - [17/Apr/2016:08:17:03 -0400] "GET /b/2016/02/12/dairy-free-parker-house-rolls/?share=google-plus-1 HTTP/1.1" 200 39394 "-" "Mozilla/5.0 (compatible; DotBot/1.1; http://www.opensiteexplorer.org/dotbot, help@moz.com)"
62.14.176.4 - - [17/Apr/2016:08:17:05 -0400] "GET /b/rmd/fmgp_files/figure-html/unnamed-chunk-16-1.png HTTP/1.1" 200 81481 "http://www.r-bloggers.com/search/maps" "Mozilla/5.0 (Windows NT 10.0; WOW64) AppleWebKit/537.36 (KHTML, like Gecko) Chrome/49.0.2623.112 Safari/537.36"
208.115.113.91 - - [17/Apr/2016:08:17:09 -0400] "GET /b/2013/09/13/rforecastio-update/?share=twitter HTTP/1.1" 200 34255 "-" "Mozilla/5.0 (compatible; DotBot/1.1; http://www.opensiteexplorer.org/dotbot, help@moz.com)"
208.115.113.91 - - [17/Apr/2016:08:17:11 -0400] "GET /b/2016/03/10/some-light-image-processing-creation-with-r/?replytocom=14037 HTTP/1.1" 200 72561 "-" "Mozilla/5.0 (compatible; DotBot/1.1; http://www.opensiteexplorer.org/dotbot, help@moz.com)"
37.110.1.167 - - [17/Apr/2016:08:17:14 -0400] "GET /b/wp-content/uploads/2016/04/homeless_rates.png HTTP/1.1" 200 27259 "http://www.r-bloggers.com/" "Mozilla/5.0 (Windows NT 10.0; WOW64) AppleWebKit/537.36 (KHTML, like Gecko) Chrome/49.0.2623.112 Safari/537.36"
37.110.1.167 - - [17/Apr/2016:08:17:14 -0400] "GET /b/wp-content/uploads/2016/04/drones-by-state-and-pop.png HTTP/1.1" 200 59873 "http://www.r-bloggers.com/" "Mozilla/5.0 (Windows NT 10.0; WOW64) AppleWebKit/537.36 (KHTML, like Gecko) Chrome/49.0.2623.112 Safari/537.36"
37.110.1.167 - - [17/Apr/2016:08:17:15 -0400] "GET /b/wp-content/uploads/2016/04/Fullscreen_4_12_16__8_38_PM.png HTTP/1.1" 200 38479 "http://www.r-bloggers.com/" "Mozilla/5.0 (Windows NT 10.0; WOW64) AppleWebKit/537.36 (KHTML, like Gecko) Chrome/49.0.2623.112 Safari/537.36"
37.110.1.167 - - [17/Apr/2016:08:17:15 -0400] "GET /b/wp-content/uploads/2016/04/waste.png HTTP/1.1" 200 87878 "http://www.r-bloggers.com/" "Mozilla/5.0 (Windows NT 10.0; WOW64) AppleWebKit/537.36 (KHTML, like Gecko) Chrome/49.0.2623.112 Safari/537.36"
205.210.42.86 - - [17/Apr/2016:08:17:16 -0400] "GET /b HTTP/1.1" 301 193 "-" "easyDNS Monitoring ( http://easyurl.net/monitoring )"
205.210.42.86 - - [17/Apr/2016:08:17:17 -0400] "GET /b/ HTTP/1.1" 200 36022 "-" "easyDNS Monitoring ( http://easyurl.net/monitoring )"
192.0.102.40 - - [17/Apr/2016:08:17:57 -0400] "HEAD /b HTTP/1.1" 301 0 "-" "jetmon/1.0 (Jetpack Site Uptime Monitor by WordPress.com)"
192.0.102.40 - - [17/Apr/2016:08:17:57 -0400] "HEAD /b/ HTTP/1.1" 200 0 "-" "jetmon/1.0 (Jetpack Site Uptime Monitor by WordPress.com)"
208.115.113.91 - - [17/Apr/2016:08:18:03 -0400] "GET /b/2013/02/19/redux-reassessing-cyber-risks-as-a-security-strategy/?share=email HTTP/1.1" 200 38518 "-" "Mozilla/5.0 (compatible; DotBot/1.1; http://www.opensiteexplorer.org/dotbot, help@moz.com)"
155.56.68.214 - - [17/Apr/2016:08:18:11 -0400] "GET /dl/justthemap.svg HTTP/1.1" 304 0 "-" "Mozilla/4.0 (compatible;)"
94.217.194.110 - - [17/Apr/2016:08:18:39 -0400] "GET /b/wp-content/uploads/2016/04/homeless_rates.png HTTP/1.1" 200 27259 "http://www.r-bloggers.com/" "Mozilla/5.0 (Windows NT 10.0; WOW64) AppleWebKit/537.36 (KHTML, like Gecko) Chrome/49.0.2623.112 Safari/537.36"
94.217.194.110 - - [17/Apr/2016:08:18:39 -0400] "GET /b/wp-content/uploads/2016/04/drones-by-state-and-pop.png HTTP/1.1" 200 59873 "http://www.r-bloggers.com/" "Mozilla/5.0 (Windows NT 10.0; WOW64) AppleWebKit/537.36 (KHTML, like Gecko) Chrome/49.0.2623.112 Safari/537.36"
94.217.194.110 - - [17/Apr/2016:08:18:39 -0400] "GET /b/wp-content/uploads/2016/04/Fullscreen_4_12_16__8_38_PM.png HTTP/1.1" 200 38479 "http://www.r-bloggers.com/" "Mozilla/5.0 (Windows NT 10.0; WOW64) AppleWebKit/537.36 (KHTML, like Gecko) Chrome/49.0.2623.112 Safari/537.36"
94.217.194.110 - - [17/Apr/2016:08:18:39 -0400] "GET /b/wp-content/uploads/2016/04/waste.png HTTP/1.1" 200 87878 "http://www.r-bloggers.com/" "Mozilla/5.0 (Windows NT 10.0; WOW64) AppleWebKit/537.36 (KHTML, like Gecko) Chrome/49.0.2623.112 Safari/537.36"
23.236.227.116 - - [17/Apr/2016:08:18:55 -0400] "GET / HTTP/1.0" 200 3861 "http://rud.is/" "Mozilla/5.0 (Windows NT 6.2; WOW64) AppleWebKit/537.36 (KHTML, like Gecko) Chrome/39.0.2171.95 Safari/537.36"
173.174.173.58 - - [17/Apr/2016:08:19:01 -0400] "GET /b/wp-content/uploads/2016/04/waste.png HTTP/1.1" 200 87878 "http://www.r-bloggers.com/" "Mozilla/5.0 (Macintosh; Intel Mac OS X 10_11_3) AppleWebKit/601.4.4 (KHTML, like Gecko) Version/9.0.3 Safari/601.4.4"
173.174.173.58 - - [17/Apr/2016:08:19:01 -0400] "GET /b/wp-content/uploads/2016/04/homeless_rates.png HTTP/1.1" 200 27259 "http://www.r-bloggers.com/" "Mozilla/5.0 (Macintosh; Intel Mac OS X 10_11_3) AppleWebKit/601.4.4 (KHTML, like Gecko) Version/9.0.3 Safari/601.4.4"
173.174.173.58 - - [17/Apr/2016:08:19:01 -0400] "GET /b/wp-content/uploads/2016/04/Fullscreen_4_12_16__8_38_PM.png HTTP/1.1" 200 38479 "http://www.r-bloggers.com/" "Mozilla/5.0 (Macintosh; Intel Mac OS X 10_11_3) AppleWebKit/601.4.4 (KHTML, like Gecko) Version/9.0.3 Safari/601.4.4"
173.174.173.58 - - [17/Apr/2016:08:19:01 -0400] "GET /b/wp-content/uploads/2016/04/drones-by-state-and-pop.png HTTP/1.1" 200 59873 "http://www.r-bloggers.com/" "Mozilla/5.0 (Macintosh; Intel Mac OS X 10_11_3) AppleWebKit/601.4.4 (KHTML, like Gecko) Version/9.0.3 Safari/601.4.4"
78.97.159.22 - - [17/Apr/2016:08:19:08 -0400] "GET /b/wp-content/uploads/2016/03/booms.mp4?_=1 HTTP/1.1" 206 182984 "https://rud.is/b/2016/03/26/nuclear-animations-in-r/" "Mozilla/5.0 (Windows NT 6.3; WOW64) AppleWebKit/537.36 (KHTML, like Gecko) Chrome/49.0.2623.112 Safari/537.36"
78.97.159.22 - - [17/Apr/2016:08:19:10 -0400] "GET /b/wp-includes/js/mediaelement/loading.gif HTTP/1.1" 200 6224 "https://rud.is/b/wp-content/plugins/bwp-minify/min/?f=b/wp-content/plugins/jetpack/modules/subscriptions/subscriptions.css,b/wp-includes/js/mediaelement/mediaelementplayer.min.css,b/wp-includes/js/mediaelement/wp-mediaelement.min.css" "Mozilla/5.0 (Windows NT 6.3; WOW64) AppleWebKit/537.36 (KHTML, like Gecko) Chrome/49.0.2623.112 Safari/537.36"
54.186.248.49 - - [17/Apr/2016:08:19:22 -0400] "GET /b/feed HTTP/1.1" 304 0 "http://rud.is/b/feed" "Feedspot http://www.feedspot.com"
98.126.61.179 - - [17/Apr/2016:08:19:24 -0400] "GET /d3/asn/asn.html HTTP/1.1" 200 2035 "http://ri.search.yahoo.com/_ylt=A0LEV1QvfxNXbIoAwT9XNyoA;_ylu=X3oDMTEyczVpdTJmBGNvbG8DYmYxBHBvcwM4BHZ0aWQDQjE1NjNfMQRzZWMDc3I-/RV=2/RE=1460924335/RO=10/RU=http%3a%2f%2frud.is%2fd3%2fasn%2fasn.html/RK=0/RS=.QkSB4zdy_iICwO954Sj7Xwh0s8-" "Mozilla/5.0 (compatible; MSIE 9.0; Windows NT 6.1; Trident/5.0)"
54.209.209.198 - - [17/Apr/2016:08:19:24 -0400] "HEAD /b HTTP/1.1" 301 0 "-" "Mozilla/5.0 (Windows NT 6.2; Win64; x64; rv:21.0.0) Gecko/20121011 Firefox/21.0.0"
54.209.209.198 - - [17/Apr/2016:08:19:24 -0400] "HEAD /b/ HTTP/1.1" 200 0 "-" "Mozilla/5.0 (Windows NT 6.2; Win64; x64; rv:21.0.0) Gecko/20121011 Firefox/21.0.0"
208.115.113.91 - - [17/Apr/2016:08:19:25 -0400] "GET /b/2012/05/28/slopegraphs-in-python/?share=linkedin HTTP/1.1" 200 70115 "-" "Mozilla/5.0 (compatible; DotBot/1.1; http://www.opensiteexplorer.org/dotbot, help@moz.com)"
87.231.156.74 - - [17/Apr/2016:08:19:43 -0400] "GET /piwik//piwik.php?link=https%3A%2F%2Fgist.github.com%2Fhrbrmstr%2Fe9e941ad4e3568f98faf&idsite=1&rec=1&r=176879&h=14&m=19&s=43&url=http%3A%2F%2Fdatadrivensecurity.info%2Fblog%2Fposts%2F2015%2FJan%2Fbuilding-security-dashboards-with-r-and-shiny-shinydashboard%2F&urlref=https%3A%2F%2Fwww.google.fr%2F&_id=05fb9d7b0c0f8911&_idts=1460895397&_idvc=1&_idn=0&_refts=1460895397&_viewts=1460895397&_ref=https%3A%2F%2Fwww.google.fr%2F&send_image=0&pdf=1&qt=0&realp=0&wma=0&dir=0&fla=1&java=0&gears=0&ag=0&cookie=1&res=1366x768&gt_ms=108 HTTP/1.1" 204 0 "http://datadrivensecurity.info/blog/posts/2015/Jan/building-security-dashboards-with-r-and-shiny-shinydashboard/" "Mozilla/5.0 (Macintosh; Intel Mac OS X 10_11_3) AppleWebKit/537.36 (KHTML, like Gecko) Chrome/49.0.2623.112 Safari/537.36"
208.115.113.91 - - [17/Apr/2016:08:19:57 -0400] "GET /b/tag/sony/ HTTP/1.1" 200 22635 "-" "Mozilla/5.0 (compatible; DotBot/1.1; http://www.opensiteexplorer.org/dotbot, help@moz.com)"
81.255.63.179 - - [17/Apr/2016:08:20:06 -0400] "GET /b/wp-content/uploads/2016/04/waste.png HTTP/1.1" 200 87878 "http://www.r-bloggers.com/" "Mozilla/5.0 (Windows NT 6.1; rv:38.0) Gecko/20100101 Firefox/38.0"
81.255.63.179 - - [17/Apr/2016:08:20:06 -0400] "GET /b/wp-content/uploads/2016/04/homeless_rates.png HTTP/1.1" 200 27259 "http://www.r-bloggers.com/" "Mozilla/5.0 (Windows NT 6.1; rv:38.0) Gecko/20100101 Firefox/38.0"
81.255.63.179 - - [17/Apr/2016:08:20:06 -0400] "GET /b/wp-content/uploads/2016/04/drones-by-state-and-pop.png HTTP/1.1" 200 59873 "http://www.r-bloggers.com/" "Mozilla/5.0 (Windows NT 6.1; rv:38.0) Gecko/20100101 Firefox/38.0"
76.72.60.122 - - [17/Apr/2016:08:20:07 -0400] "GET /b/wp-content/uploads/2016/04/drones-by-state-and-pop.png HTTP/1.1" 200 59873 "http://www.r-bloggers.com/" "Mozilla/5.0 (Macintosh; Intel Mac OS X 10_11_4) AppleWebKit/601.5.17 (KHTML, like Gecko) Version/9.1 Safari/601.5.17"
76.72.60.122 - - [17/Apr/2016:08:20:09 -0400] "GET /b/wp-content/uploads/2016/04/Fullscreen_4_12_16__8_38_PM.png HTTP/1.1" 200 38479 "http://www.r-bloggers.com/" "Mozilla/5.0 (Macintosh; Intel Mac OS X 10_11_4) AppleWebKit/601.5.17 (KHTML, like Gecko) Version/9.1 Safari/601.5.17"
76.72.60.122 - - [17/Apr/2016:08:20:09 -0400] "GET /b/wp-content/uploads/2016/04/homeless_rates.png HTTP/1.1" 200 27259 "http://www.r-bloggers.com/" "Mozilla/5.0 (Macintosh; Intel Mac OS X 10_11_4) AppleWebKit/601.5.17 (KHTML, like Gecko) Version/9.1 Safari/601.5.17"
76.72.60.122 - - [17/Apr/2016:08:20:10 -0400] "GET /b/wp-content/uploads/2016/04/waste.png HTTP/1.1" 200 87878 "http://www.r-bloggers.com/" "Mozilla/5.0 (Macintosh; Intel Mac OS X 10_11_4) AppleWebKit/601.5.17 (KHTML, like Gecko) Version/9.1 Safari/601.5.17"
172.3.110.90 - - [17/Apr/2016:08:20:21 -0400] "GET /b/feed/atom/ HTTP/1.1" 304 0 "-" "Windows-RSS-Platform/2.0 (IE 11.0; Windows NT 10.0)"
104.236.112.222 - - [17/Apr/2016:08:20:27 -0400] "POST /b/wp-cron.php?doing_wp_cron=1460895627.2853069305419921875000 HTTP/1.0" 499 0 "-" "WordPress/4.5; http://rud.is/b"
208.115.113.91 - - [17/Apr/2016:08:20:27 -0400] "GET /b/tag/v8-engine/ HTTP/1.1" 200 18891 "-" "Mozilla/5.0 (compatible; DotBot/1.1; http://www.opensiteexplorer.org/dotbot, help@moz.com)"
209.95.36.14 - - [17/Apr/2016:08:20:30 -0400] "GET /b/wp-content/uploads/2016/04/waste.png HTTP/1.1" 200 87878 "http://www.r-bloggers.com/" "Mozilla/5.0 (X11; Ubuntu; Linux x86_64; rv:45.0) Gecko/20100101 Firefox/45.0"
208.115.113.91 - - [17/Apr/2016:08:20:31 -0400] "GET /b/2012/06/08/slopegraphs-in-python-experimental-raphael-support/?share=google-plus-1 HTTP/1.1" 200 44270 "-" "Mozilla/5.0 (compatible; DotBot/1.1; http://www.opensiteexplorer.org/dotbot, help@moz.com)"
8.29.198.25 - - [17/Apr/2016:08:20:31 -0400] "GET /b/feed/ HTTP/1.1" 304 0 "-" "Feedly/1.0 (+http://www.feedly.com/fetcher.html; like FeedFetcher-Google)"
209.95.36.14 - - [17/Apr/2016:08:20:31 -0400] "GET /b/wp-content/uploads/2016/04/Fullscreen_4_12_16__8_38_PM.png HTTP/1.1" 200 38479 "http://www.r-bloggers.com/" "Mozilla/5.0 (X11; Ubuntu; Linux x86_64; rv:45.0) Gecko/20100101 Firefox/45.0"
38.99.97.66 - - [17/Apr/2016:08:20:31 -0400] "GET /b/2014/04/21/getting-fit2tcx-working-on-mac-os-x-10-9-x/feed/ HTTP/1.1" 200 839 "-" "Mozilla/5.0 (compatible; ScoutJet; +http://www.scoutjet.com/)"
209.95.36.14 - - [17/Apr/2016:08:20:31 -0400] "GET /b/wp-content/uploads/2016/04/drones-by-state-and-pop.png HTTP/1.1" 200 59873 "http://www.r-bloggers.com/" "Mozilla/5.0 (X11; Ubuntu; Linux x86_64; rv:45.0) Gecko/20100101 Firefox/45.0"
209.95.36.14 - - [17/Apr/2016:08:20:31 -0400] "GET /b/wp-content/uploads/2016/04/homeless_rates.png HTTP/1.1" 200 27259 "http://www.r-bloggers.com/" "Mozilla/5.0 (X11; Ubuntu; Linux x86_64; rv:45.0) Gecko/20100101 Firefox/45.0"
98.122.136.39 - - [17/Apr/2016:08:20:40 -0400] "GET /b/wp-content/uploads/2016/04/homeless_rates.png HTTP/1.1" 200 27259 "http://www.r-bloggers.com/" "Mozilla/5.0 (Linux; Android 5.0.2; SM-T550 Build/LRX22G) AppleWebKit/537.36 (KHTML, like Gecko) Chrome/49.0.2623.105 Safari/537.36"
98.122.136.39 - - [17/Apr/2016:08:20:40 -0400] "GET /b/wp-content/uploads/2016/04/Fullscreen_4_12_16__8_38_PM.png HTTP/1.1" 200 38479 "http://www.r-bloggers.com/" "Mozilla/5.0 (Linux; Android 5.0.2; SM-T550 Build/LRX22G) AppleWebKit/537.36 (KHTML, like Gecko) Chrome/49.0.2623.105 Safari/537.36"
98.122.136.39 - - [17/Apr/2016:08:20:40 -0400] "GET /b/wp-content/uploads/2016/04/drones-by-state-and-pop.png HTTP/1.1" 200 59873 "http://www.r-bloggers.com/" "Mozilla/5.0 (Linux; Android 5.0.2; SM-T550 Build/LRX22G) AppleWebKit/537.36 (KHTML, like Gecko) Chrome/49.0.2623.105 Safari/537.36"
98.122.136.39 - - [17/Apr/2016:08:20:40 -0400] "GET /b/wp-content/uploads/2016/04/waste.png HTTP/1.1" 200 87878 "http://www.r-bloggers.com/" "Mozilla/5.0 (Linux; Android 5.0.2; SM-T550 Build/LRX22G) AppleWebKit/537.36 (KHTML, like Gecko) Chrome/49.0.2623.105 Safari/537.36"
52.18.96.153 - - [17/Apr/2016:08:20:47 -0400] "GET /b/feed/ HTTP/1.1" 200 45411 "-" "Burgundy/1.0"
208.115.113.91 - - [17/Apr/2016:08:20:54 -0400] "GET /b/2011/02/14/metricon-software-securitys-futures-plural/?share=email HTTP/1.1" 200 36318 "-" "Mozilla/5.0 (compatible; DotBot/1.1; http://www.opensiteexplorer.org/dotbot, help@moz.com)"
77.7.23.164 - - [17/Apr/2016:08:20:55 -0400] "GET /b/wp-content/uploads/2016/04/waste.png HTTP/1.1" 200 87878 "http://www.r-bloggers.com/" "Mozilla/5.0 (Windows NT 6.1; WOW64; rv:45.0) Gecko/20100101 Firefox/45.0"
77.7.23.164 - - [17/Apr/2016:08:20:55 -0400] "GET /b/wp-content/uploads/2016/04/drones-by-state-and-pop.png HTTP/1.1" 200 59873 "http://www.r-bloggers.com/" "Mozilla/5.0 (Windows NT 6.1; WOW64; rv:45.0) Gecko/20100101 Firefox/45.0"
77.7.23.164 - - [17/Apr/2016:08:20:55 -0400] "GET /b/wp-content/uploads/2016/04/Fullscreen_4_12_16__8_38_PM.png HTTP/1.1" 200 38479 "http://www.r-bloggers.com/" "Mozilla/5.0 (Windows NT 6.1; WOW64; rv:45.0) Gecko/20100101 Firefox/45.0"
77.7.23.164 - - [17/Apr/2016:08:20:55 -0400] "GET /b/wp-content/uploads/2016/04/homeless_rates.png HTTP/1.1" 200 27259 "http://www.r-bloggers.com/" "Mozilla/5.0 (Windows NT 6.1; WOW64; rv:45.0) Gecko/20100101 Firefox/45.0"
116.202.182.140 - - [17/Apr/2016:08:20:56 -0400] "GET /b/rmd/fmgp_files/figure-html/unnamed-chunk-16-1.png HTTP/1.1" 200 81481 "http://www.r-bloggers.com/search/heatmap" "Mozilla/5.0 (Windows NT 6.1; WOW64; rv:44.0) Gecko/20100101 Firefox/44.0"
185.65.132.120 - - [17/Apr/2016:08:21:09 -0400] "GET /se/geomtxtex.png HTTP/1.1" 200 20684 "-" "Mozilla/5.0 (X11; Linux x86_64; rv:43.0) Gecko/20100101 Firefox/43.0"
178.9.248.205 - - [17/Apr/2016:08:21:23 -0400] "GET /b/feed HTTP/1.1" 304 0 "-" "Mozilla/5.0 (X11; Linux x86_64) AppleWebKit/537.36 (KHTML, like Gecko) Chrome/49.0.2623.87 Safari/537.36"
208.115.113.91 - - [17/Apr/2016:08:21:28 -0400] "GET /b/tag/mac-app-store/ HTTP/1.1" 200 19017 "-" "Mozilla/5.0 (compatible; DotBot/1.1; http://www.opensiteexplorer.org/dotbot, help@moz.com)"
45.79.152.182 - - [17/Apr/2016:08:21:50 -0400] "GET /b/feed/atom/ HTTP/1.1" 200 45939 "-" "Mozilla/5.0 (Macintosh; Intel Mac OS X 10_8_2; Feeder.co) AppleWebKit/537.31 (KHTML, like Gecko) Chrome/37.0.2062.120 Safari/537.36"
54.145.185.155 - - [17/Apr/2016:08:22:00 -0400] "GET /b/wp-content/uploads/2016/04/drones-by-state-and-pop.png HTTP/1.1" 200 59873 "http://www.google.com/" "Mozilla/5.0 (Windows NT 6.1; WOW64; rv:22.0) Gecko/20100101 Firefox/22.0"
197.231.1.52 - - [17/Apr/2016:08:22:01 -0400] "GET /b/wp-content/uploads/2016/04/homeless_rates.png HTTP/1.1" 200 27259 "http://www.r-bloggers.com/" "Mozilla/5.0 (Windows NT 10.0; WOW64; rv:43.0) Gecko/20100101 Firefox/43.0"
153.65.16.10 - - [17/Apr/2016:08:22:04 -0400] "GET /b/wp-content/uploads/2016/04/homeless_rates.png HTTP/1.1" 200 27259 "http://www.r-bloggers.com/" "Mozilla/5.0 (Windows NT 6.1; WOW64) AppleWebKit/537.36 (KHTML, like Gecko) Chrome/49.0.2623.112 Safari/537.36"
153.65.16.10 - - [17/Apr/2016:08:22:04 -0400] "GET /b/wp-content/uploads/2016/04/drones-by-state-and-pop.png HTTP/1.1" 200 59873 "http://www.r-bloggers.com/" "Mozilla/5.0 (Windows NT 6.1; WOW64) AppleWebKit/537.36 (KHTML, like Gecko) Chrome/49.0.2623.112 Safari/537.36"
153.65.16.10 - - [17/Apr/2016:08:22:04 -0400] "GET /b/wp-content/uploads/2016/04/waste.png HTTP/1.1" 200 87878 "http://www.r-bloggers.com/" "Mozilla/5.0 (Windows NT 6.1; WOW64) AppleWebKit/537.36 (KHTML, like Gecko) Chrome/49.0.2623.112 Safari/537.36"
205.210.42.86 - - [17/Apr/2016:08:22:15 -0400] "GET /b HTTP/1.1" 301 193 "-" "easyDNS Monitoring ( http://easyurl.net/monitoring )"
54.145.185.155 - - [17/Apr/2016:08:22:16 -0400] "GET /b/wp-content/uploads/2016/04/waste.png HTTP/1.1" 200 87878 "http://www.google.com/" "Mozilla/5.0 (Windows NT 6.2; WOW64; rv:19.0) Gecko/20100101 Firefox/19.0"
205.210.42.86 - - [17/Apr/2016:08:22:16 -0400] "GET /b/ HTTP/1.1" 200 36022 "-" "easyDNS Monitoring ( http://easyurl.net/monitoring )"
192.0.99.59 - - [17/Apr/2016:08:22:20 -0400] "GET /b/wp-content/uploads/2016/03/Plot_Zoom.png HTTP/1.1" 200 25361 "-" "Photon/1.0"
185.29.242.185 - - [17/Apr/2016:08:22:27 -0400] "GET /b/wp-content/uploads/2016/04/waste.png HTTP/1.1" 200 87878 "http://www.r-bloggers.com/" "Mozilla/5.0 (X11; Linux x86_64) AppleWebKit/537.36 (KHTML, like Gecko) Ubuntu Chromium/49.0.2623.108 Chrome/49.0.2623.108 Safari/537.36"
185.29.242.185 - - [17/Apr/2016:08:22:27 -0400] "GET /b/wp-content/uploads/2016/04/homeless_rates.png HTTP/1.1" 200 27259 "http://www.r-bloggers.com/" "Mozilla/5.0 (X11; Linux x86_64) AppleWebKit/537.36 (KHTML, like Gecko) Ubuntu Chromium/49.0.2623.108 Chrome/49.0.2623.108 Safari/537.36"
185.29.242.185 - - [17/Apr/2016:08:22:27 -0400] "GET /b/wp-content/uploads/2016/04/drones-by-state-and-pop.png HTTP/1.1" 200 59873 "http://www.r-bloggers.com/" "Mozilla/5.0 (X11; Linux x86_64) AppleWebKit/537.36 (KHTML, like Gecko) Ubuntu Chromium/49.0.2623.108 Chrome/49.0.2623.108 Safari/537.36"
197.231.1.52 - - [17/Apr/2016:08:22:27 -0400] "GET /b/wp-content/uploads/2016/04/drones-by-state-and-pop.png HTTP/1.1" 200 59873 "http://www.r-bloggers.com/" "Mozilla/5.0 (Windows NT 10.0; WOW64; rv:43.0) Gecko/20100101 Firefox/43.0"
197.231.1.52 - - [17/Apr/2016:08:22:27 -0400] "GET /b/wp-content/uploads/2016/04/Fullscreen_4_12_16__8_38_PM.png HTTP/1.1" 200 38479 "http://www.r-bloggers.com/" "Mozilla/5.0 (Windows NT 10.0; WOW64; rv:43.0) Gecko/20100101 Firefox/43.0"
185.29.242.185 - - [17/Apr/2016:08:22:27 -0400] "GET /b/wp-content/uploads/2016/04/Fullscreen_4_12_16__8_38_PM.png HTTP/1.1" 200 38479 "http://www.r-bloggers.com/" "Mozilla/5.0 (X11; Linux x86_64) AppleWebKit/537.36 (KHTML, like Gecko) Ubuntu Chromium/49.0.2623.108 Chrome/49.0.2623.108 Safari/537.36"
197.231.1.52 - - [17/Apr/2016:08:22:28 -0400] "GET /b/wp-content/uploads/2016/04/waste.png HTTP/1.1" 200 87878 "http://www.r-bloggers.com/" "Mozilla/5.0 (Windows NT 10.0; WOW64; rv:43.0) Gecko/20100101 Firefox/43.0"
54.145.185.155 - - [17/Apr/2016:08:22:31 -0400] "GET /b/wp-content/uploads/2016/04/Fullscreen_4_12_16__8_38_PM.png HTTP/1.1" 200 38479 "http://www.google.com/" "Mozilla/5.0 (Windows NT 6.1; WOW64; rv:22.0) Gecko/20100101 Firefox/22.0"
54.145.185.155 - - [17/Apr/2016:08:22:40 -0400] "GET /b/wp-content/uploads/2016/04/homeless_rates.png HTTP/1.1" 200 27259 "http://www.google.com/" "Mozilla/4.0 (compatible; MSIE 6.0; Windows NT 5.2; .NET CLR 1.0.3705;)"
166.111.130.105 - - [17/Apr/2016:08:22:58 -0400] "GET /b/wp-content/uploads/2016/04/homeless_rates.png HTTP/1.1" 200 27259 "http://www.r-bloggers.com/" "Mozilla/5.0 (Windows NT 10.0; WOW64) AppleWebKit/537.36 (KHTML, like Gecko) Chrome/49.0.2623.112 Safari/537.36"
166.111.130.105 - - [17/Apr/2016:08:22:58 -0400] "GET /b/wp-content/uploads/2016/04/drones-by-state-and-pop.png HTTP/1.1" 200 59873 "http://www.r-bloggers.com/" "Mozilla/5.0 (Windows NT 10.0; WOW64) AppleWebKit/537.36 (KHTML, like Gecko) Chrome/49.0.2623.112 Safari/537.36"
166.111.130.105 - - [17/Apr/2016:08:22:58 -0400] "GET /b/wp-content/uploads/2016/04/Fullscreen_4_12_16__8_38_PM.png HTTP/1.1" 200 38479 "http://www.r-bloggers.com/" "Mozilla/5.0 (Windows NT 10.0; WOW64) AppleWebKit/537.36 (KHTML, like Gecko) Chrome/49.0.2623.112 Safari/537.36"
192.0.102.40 - - [17/Apr/2016:08:22:58 -0400] "HEAD /b HTTP/1.1" 301 0 "-" "jetmon/1.0 (Jetpack Site Uptime Monitor by WordPress.com)"
192.0.102.40 - - [17/Apr/2016:08:22:58 -0400] "HEAD /b/ HTTP/1.1" 200 0 "-" "jetmon/1.0 (Jetpack Site Uptime Monitor by WordPress.com)"
166.111.130.105 - - [17/Apr/2016:08:22:58 -0400] "GET /b/wp-content/uploads/2016/04/waste.png HTTP/1.1" 200 87878 "http://www.r-bloggers.com/" "Mozilla/5.0 (Windows NT 10.0; WOW64) AppleWebKit/537.36 (KHTML, like Gecko) Chrome/49.0.2623.112 Safari/537.36"
54.84.133.185 - - [17/Apr/2016:08:23:08 -0400] "GET /keybase.txt HTTP/1.1" 200 2874 "-" "keybase-proofs/2.0.47"
198.58.102.155 - - [17/Apr/2016:08:23:24 -0400] "GET /b/feed/ HTTP/1.1" 304 0 "-" "Superfeedr bot/2.0 http://superfeedr.com - Make your feeds realtime: get in touch - feed-id:79788050"
208.115.113.91 - - [17/Apr/2016:08:23:39 -0400] "GET /b/2012/06/07/slopegraphs-in-python-log-scales-spam-data-analysis/?share=twitter HTTP/1.1" 200 36891 "-" "Mozilla/5.0 (compatible; DotBot/1.1; http://www.opensiteexplorer.org/dotbot, help@moz.com)"
76.175.140.3 - - [17/Apr/2016:08:23:53 -0400] "GET /b/wp-content/uploads/2016/04/percapita.png HTTP/1.1" 200 127720 "https://us-mg6.mail.yahoo.com/neo/launch?.rand=dknppbmf07g5u" "Mozilla/5.0 (Windows NT 10.0; Win64; x64) AppleWebKit/537.36 (KHTML, like Gecko) Chrome/50.0.2661.75 Safari/537.36"
162.243.118.199 - - [17/Apr/2016:08:24:04 -0400] "GET /b/feed/ HTTP/1.1" 200 45411 "-" "Feedbin feed-id:574500 - 4 subscribers"
192.135.123.22 - - [17/Apr/2016:08:24:20 -0400] "GET /b/iframes/taucharts/tauchart01.html HTTP/1.1" 304 0 "-" "Mozilla/4.0 (compatible;)"
104.131.85.78 - - [17/Apr/2016:08:24:21 -0400] "GET /b/feed/ HTTP/1.1" 200 45411 "-" "Fever/1.39 (Feed Parser; http://feedafever.com; Allow like Gecko)"
58.246.230.46 - - [17/Apr/2016:08:24:32 -0400] "GET /b/wp-content/uploads/2016/04/homeless_rates.png HTTP/1.1" 200 27259 "http://www.r-bloggers.com/" "Opera/9.80 (Windows NT 6.1; Edition Next) Presto/2.12.388 Version/12.15"
58.246.230.46 - - [17/Apr/2016:08:24:32 -0400] "GET /b/wp-content/uploads/2016/04/Fullscreen_4_12_16__8_38_PM.png HTTP/1.1" 200 38479 "http://www.r-bloggers.com/" "Opera/9.80 (Windows NT 6.1; Edition Next) Presto/2.12.388 Version/12.15"
58.246.230.46 - - [17/Apr/2016:08:24:32 -0400] "GET /b/wp-content/uploads/2016/04/drones-by-state-and-pop.png HTTP/1.1" 200 59873 "http://www.r-bloggers.com/" "Opera/9.80 (Windows NT 6.1; Edition Next) Presto/2.12.388 Version/12.15"
58.246.230.46 - - [17/Apr/2016:08:24:33 -0400] "GET /b/wp-content/uploads/2016/04/waste.png HTTP/1.1" 200 87878 "http://www.r-bloggers.com/" "Opera/9.80 (Windows NT 6.1; Edition Next) Presto/2.12.388 Version/12.15"
4.15.125.104 - - [17/Apr/2016:08:24:34 -0400] "GET /b/2013/11/27/mapping-power-outages-in-maine-dynamically-with-shinyr/ HTTP/1.1" 200 40093 "-" "Mozilla/5.0 (Windows NT 6.1) AppleWebKit/537.36 (KHTML, like Gecko) Chrome/41.0.2228.0 Safari/537.36"
4.15.125.104 - - [17/Apr/2016:08:24:40 -0400] "GET /b/2013/11/27/mapping-power-outages-in-maine-dynamically-with-shinyr/ HTTP/1.1" 200 40093 "-" "Mozilla/5.0 (Windows NT 6.1) AppleWebKit/537.36 (KHTML, like Gecko) Chrome/41.0.2228.0 Safari/537.36"
45.37.109.70 - - [17/Apr/2016:08:24:47 -0400] "GET /b/wp-content/uploads/2016/04/waste.png HTTP/1.1" 200 87878 "http://www.r-bloggers.com/" "Mozilla/5.0 (Windows NT 6.3; WOW64; rv:45.0) Gecko/20100101 Firefox/45.0"
45.37.109.70 - - [17/Apr/2016:08:24:48 -0400] "GET /b/wp-content/uploads/2016/04/drones-by-state-and-pop.png HTTP/1.1" 200 59873 "http://www.r-bloggers.com/" "Mozilla/5.0 (Windows NT 6.3; WOW64; rv:45.0) Gecko/20100101 Firefox/45.0"
45.37.109.70 - - [17/Apr/2016:08:24:48 -0400] "GET /b/wp-content/uploads/2016/04/homeless_rates.png HTTP/1.1" 200 27259 "http://www.r-bloggers.com/" "Mozilla/5.0 (Windows NT 6.3; WOW64; rv:45.0) Gecko/20100101 Firefox/45.0"
45.37.109.70 - - [17/Apr/2016:08:24:48 -0400] "GET /b/wp-content/uploads/2016/04/Fullscreen_4_12_16__8_38_PM.png HTTP/1.1" 200 38479 "http://www.r-bloggers.com/" "Mozilla/5.0 (Windows NT 6.3; WOW64; rv:45.0) Gecko/20100101 Firefox/45.0"
209.202.78.162 - - [17/Apr/2016:08:24:53 -0400] "GET /b/wp-content/uploads/2016/04/homeless_rates.png HTTP/1.1" 200 27259 "http://www.r-bloggers.com/" "Mozilla/5.0 (iPad; CPU OS 9_3_1 like Mac OS X) AppleWebKit/601.1.46 (KHTML, like Gecko) Version/9.0 Mobile/13E238 Safari/601.1"
23.254.161.221 - - [17/Apr/2016:08:25:18 -0400] "GET /b HTTP/1.1" 301 193 "http://rudis.net/" "Mozilla/5.0 (Windows NT 5.1) AppleWebKit/537.36 (KHTML, like Gecko) Chrome/39.0.2171.95 Safari/537.36 OPR/26.0.1656.60"
23.254.161.221 - - [17/Apr/2016:08:25:20 -0400] "GET /b/ HTTP/1.1" 200 8593 "http://rudis.net/" "Mozilla/5.0 (Windows NT 5.1) AppleWebKit/537.36 (KHTML, like Gecko) Chrome/39.0.2171.95 Safari/537.36 OPR/26.0.1656.60"
31.10.166.52 - - [17/Apr/2016:08:25:40 -0400] "GET /b/wp-content/uploads/2016/04/waste.png HTTP/1.1" 200 87878 "https://theoldreader.com/feeds/52230dc9c70bc2d6b6000153" "Mozilla/5.0 (Windows NT 10.0; WOW64; rv:45.0) Gecko/20100101 Firefox/45.0"
31.10.166.52 - - [17/Apr/2016:08:25:40 -0400] "GET /b/wp-content/uploads/2016/04/homeless_rates.png HTTP/1.1" 200 27259 "https://theoldreader.com/feeds/52230dc9c70bc2d6b6000153" "Mozilla/5.0 (Windows NT 10.0; WOW64; rv:45.0) Gecko/20100101 Firefox/45.0"
45.37.109.70 - - [17/Apr/2016:08:25:40 -0400] "GET /b/wp-content/uploads/2016/04/T2.png HTTP/1.1" 200 36546 "http://www.r-bloggers.com/52-vis-week-1-winners/" "Mozilla/5.0 (Windows NT 6.3; WOW64; rv:45.0) Gecko/20100101 Firefox/45.0"
45.37.109.70 - - [17/Apr/2016:08:25:40 -0400] "GET /b/wp-content/uploads/2016/04/drones_ottlngr.png HTTP/1.1" 200 52928 "http://www.r-bloggers.com/52-vis-week-1-winners/" "Mozilla/5.0 (Windows NT 6.3; WOW64; rv:45.0) Gecko/20100101 Firefox/45.0"
45.37.109.70 - - [17/Apr/2016:08:25:40 -0400] "GET /b/wp-content/uploads/2016/04/X9gtgeU8kD9wAAAABJRU5ErkJggg.png HTTP/1.1" 200 143719 "http://www.r-bloggers.com/52-vis-week-1-winners/" "Mozilla/5.0 (Windows NT 6.3; WOW64; rv:45.0) Gecko/20100101 Firefox/45.0"
31.10.166.52 - - [17/Apr/2016:08:25:40 -0400] "GET /b/wp-content/uploads/2016/04/homeless_plot.png HTTP/1.1" 200 78426 "https://theoldreader.com/feeds/52230dc9c70bc2d6b6000153" "Mozilla/5.0 (Windows NT 10.0; WOW64; rv:45.0) Gecko/20100101 Firefox/45.0"
45.37.109.70 - - [17/Apr/2016:08:25:41 -0400] "GET /b/wp-content/uploads/2016/04/drones.gif HTTP/1.1" 200 629813 "http://www.r-bloggers.com/52-vis-week-1-winners/" "Mozilla/5.0 (Windows NT 6.3; WOW64; rv:45.0) Gecko/20100101 Firefox/45.0"
45.37.109.70 - - [17/Apr/2016:08:25:41 -0400] "GET /b/wp-content/uploads/2016/04/drones-1.gif HTTP/1.1" 200 530041 "http://www.r-bloggers.com/52-vis-week-1-winners/" "Mozilla/5.0 (Windows NT 6.3; WOW64; rv:45.0) Gecko/20100101 Firefox/45.0"
45.37.109.70 - - [17/Apr/2016:08:25:41 -0400] "GET /b/wp-content/uploads/2016/04/timevtime.png HTTP/1.1" 200 66742 "http://www.r-bloggers.com/52-vis-week-1-winners/" "Mozilla/5.0 (Windows NT 6.3; WOW64; rv:45.0) Gecko/20100101 Firefox/45.0"
45.37.109.70 - - [17/Apr/2016:08:25:41 -0400] "GET /b/wp-content/uploads/2016/04/unspecified.png HTTP/1.1" 200 191858 "http://www.r-bloggers.com/52-vis-week-1-winners/" "Mozilla/5.0 (Windows NT 6.3; WOW64; rv:45.0) Gecko/20100101 Firefox/45.0"
31.10.166.52 - - [17/Apr/2016:08:25:41 -0400] "GET /b/wp-content/uploads/2016/04/unnamed-chunk-9-1.png HTTP/1.1" 200 45742 "https://theoldreader.com/feeds/52230dc9c70bc2d6b6000153" "Mozilla/5.0 (Windows NT 10.0; WOW64; rv:45.0) Gecko/20100101 Firefox/45.0"
45.37.109.70 - - [17/Apr/2016:08:25:41 -0400] "GET /b/wp-content/uploads/2016/04/Classify-Monthly-UAS-sightings-on-the-basis-of-day-and-night-time.jpeg HTTP/1.1" 200 35197 "http://www.r-bloggers.com/52-vis-week-1-winners/" "Mozilla/5.0 (Windows NT 6.3; WOW64; rv:45.0) Gecko/20100101 Firefox/45.0"
45.37.109.70 - - [17/Apr/2016:08:25:41 -0400] "GET /b/wp-content/uploads/2016/04/Rplot2.png HTTP/1.1" 200 5598 "http://www.r-bloggers.com/52-vis-week-1-winners/" "Mozilla/5.0 (Windows NT 6.3; WOW64; rv:45.0) Gecko/20100101 Firefox/45.0"
45.37.109.70 - - [17/Apr/2016:08:25:41 -0400] "GET /b/wp-content/uploads/2016/04/drones_af_map.png HTTP/1.1" 200 122596 "http://www.r-bloggers.com/52-vis-week-1-winners/" "Mozilla/5.0 (Windows NT 6.3; WOW64; rv:45.0) Gecko/20100101 Firefox/45.0"
45.37.109.70 - - [17/Apr/2016:08:25:41 -0400] "GET /b/wp-content/uploads/2016/04/drones_states.png HTTP/1.1" 200 41523 "http://www.r-bloggers.com/52-vis-week-1-winners/" "Mozilla/5.0 (Windows NT 6.3; WOW64; rv:45.0) Gecko/20100101 Firefox/45.0"
31.10.166.52 - - [17/Apr/2016:08:25:41 -0400] "GET /b/wp-content/uploads/2016/04/Rplot01.png HTTP/1.1" 200 7407 "https://theoldreader.com/feeds/52230dc9c70bc2d6b6000153" "Mozilla/5.0 (Windows NT 10.0; WOW64; rv:45.0) Gecko/20100101 Firefox/45.0"
31.10.166.52 - - [17/Apr/2016:08:25:41 -0400] "GET /52vis/2016-14/jkaupp/National%20level%20HUD%20v%20CoC%20Funding.svg HTTP/1.1" 200 2643905 "https://theoldreader.com/feeds/52230dc9c70bc2d6b6000153" "Mozilla/5.0 (Windows NT 10.0; WOW64; rv:45.0) Gecko/20100101 Firefox/45.0"
31.10.166.52 - - [17/Apr/2016:08:25:41 -0400] "GET /b/wp-content/uploads/2016/04/homelesslines.png HTTP/1.1" 200 136477 "https://theoldreader.com/feeds/52230dc9c70bc2d6b6000153" "Mozilla/5.0 (Windows NT 10.0; WOW64; rv:45.0) Gecko/20100101 Firefox/45.0"
31.10.166.52 - - [17/Apr/2016:08:25:41 -0400] "GET /b/wp-content/uploads/2016/04/unnamed-chunk-7-1.png HTTP/1.1" 200 70100 "https://theoldreader.com/feeds/52230dc9c70bc2d6b6000153" "Mozilla/5.0 (Windows NT 10.0; WOW64; rv:45.0) Gecko/20100101 Firefox/45.0"
31.10.166.52 - - [17/Apr/2016:08:25:41 -0400] "GET /b/wp-content/uploads/2016/04/HomelessPopulation_optim.gif HTTP/1.1" 200 214825 "https://theoldreader.com/feeds/52230dc9c70bc2d6b6000153" "Mozilla/5.0 (Windows NT 10.0; WOW64; rv:45.0) Gecko/20100101 Firefox/45.0"
31.10.166.52 - - [17/Apr/2016:08:25:41 -0400] "GET /b/wp-content/uploads/2016/04/homelessmaps.png HTTP/1.1" 200 113374 "https://theoldreader.com/feeds/52230dc9c70bc2d6b6000153" "Mozilla/5.0 (Windows NT 10.0; WOW64; rv:45.0) Gecko/20100101 Firefox/45.0"
31.10.166.52 - - [17/Apr/2016:08:25:41 -0400] "GET /b/wp-content/uploads/2016/04/sheltered-homeless-by-state.gif HTTP/1.1" 200 195023 "https://theoldreader.com/feeds/52230dc9c70bc2d6b6000153" "Mozilla/5.0 (Windows NT 10.0; WOW64; rv:45.0) Gecko/20100101 Firefox/45.0"
31.10.166.52 - - [17/Apr/2016:08:25:41 -0400] "GET /b/wp-content/uploads/2016/04/drones-by-state-and-pop.png HTTP/1.1" 200 59873 "https://theoldreader.com/feeds/52230dc9c70bc2d6b6000153" "Mozilla/5.0 (Windows NT 10.0; WOW64; rv:45.0) Gecko/20100101 Firefox/45.0"
31.10.166.52 - - [17/Apr/2016:08:25:41 -0400] "GET /b/wp-content/uploads/2016/04/X9gtgeU8kD9wAAAABJRU5ErkJggg.png HTTP/1.1" 200 143719 "https://theoldreader.com/feeds/52230dc9c70bc2d6b6000153" "Mozilla/5.0 (Windows NT 10.0; WOW64; rv:45.0) Gecko/20100101 Firefox/45.0"
31.10.166.52 - - [17/Apr/2016:08:25:41 -0400] "GET /b/wp-content/uploads/2016/04/T2.png HTTP/1.1" 200 36546 "https://theoldreader.com/feeds/52230dc9c70bc2d6b6000153" "Mozilla/5.0 (Windows NT 10.0; WOW64; rv:45.0) Gecko/20100101 Firefox/45.0"
31.10.166.52 - - [17/Apr/2016:08:25:42 -0400] "GET /b/wp-content/uploads/2016/04/drones-1.gif HTTP/1.1" 200 530041 "https://theoldreader.com/feeds/52230dc9c70bc2d6b6000153" "Mozilla/5.0 (Windows NT 10.0; WOW64; rv:45.0) Gecko/20100101 Firefox/45.0"
31.10.166.52 - - [17/Apr/2016:08:25:42 -0400] "GET /b/wp-content/uploads/2016/04/timevtime.png HTTP/1.1" 200 66742 "https://theoldreader.com/feeds/52230dc9c70bc2d6b6000153" "Mozilla/5.0 (Windows NT 10.0; WOW64; rv:45.0) Gecko/20100101 Firefox/45.0"
31.10.166.52 - - [17/Apr/2016:08:25:42 -0400] "GET /b/wp-content/uploads/2016/04/drones_ottlngr.png HTTP/1.1" 200 52928 "https://theoldreader.com/feeds/52230dc9c70bc2d6b6000153" "Mozilla/5.0 (Windows NT 10.0; WOW64; rv:45.0) Gecko/20100101 Firefox/45.0"
31.10.166.52 - - [17/Apr/2016:08:25:42 -0400] "GET /b/wp-content/uploads/2016/04/Rplot2.png HTTP/1.1" 200 5598 "https://theoldreader.com/feeds/52230dc9c70bc2d6b6000153" "Mozilla/5.0 (Windows NT 10.0; WOW64; rv:45.0) Gecko/20100101 Firefox/45.0"
31.10.166.52 - - [17/Apr/2016:08:25:42 -0400] "GET /b/wp-content/uploads/2016/04/drones.gif HTTP/1.1" 200 629813 "https://theoldreader.com/feeds/52230dc9c70bc2d6b6000153" "Mozilla/5.0 (Windows NT 10.0; WOW64; rv:45.0) Gecko/20100101 Firefox/45.0"
31.10.166.52 - - [17/Apr/2016:08:25:42 -0400] "GET /b/wp-content/uploads/2016/04/Classify-Monthly-UAS-sightings-on-the-basis-of-day-and-night-time.jpeg HTTP/1.1" 200 35197 "https://theoldreader.com/feeds/52230dc9c70bc2d6b6000153" "Mozilla/5.0 (Windows NT 10.0; WOW64; rv:45.0) Gecko/20100101 Firefox/45.0"
31.10.166.52 - - [17/Apr/2016:08:25:42 -0400] "GET /b/wp-content/uploads/2016/04/drones_af_map.png HTTP/1.1" 200 122596 "https://theoldreader.com/feeds/52230dc9c70bc2d6b6000153" "Mozilla/5.0 (Windows NT 10.0; WOW64; rv:45.0) Gecko/20100101 Firefox/45.0"
31.10.166.52 - - [17/Apr/2016:08:25:42 -0400] "GET /b/wp-content/uploads/2016/04/unspecified.png HTTP/1.1" 200 191858 "https://theoldreader.com/feeds/52230dc9c70bc2d6b6000153" "Mozilla/5.0 (Windows NT 10.0; WOW64; rv:45.0) Gecko/20100101 Firefox/45.0"
31.10.166.52 - - [17/Apr/2016:08:25:42 -0400] "GET /b/wp-content/uploads/2016/04/drones_states.png HTTP/1.1" 200 41523 "https://theoldreader.com/feeds/52230dc9c70bc2d6b6000153" "Mozilla/5.0 (Windows NT 10.0; WOW64; rv:45.0) Gecko/20100101 Firefox/45.0"
31.10.166.52 - - [17/Apr/2016:08:25:42 -0400] "GET /b/wp-content/uploads/2016/04/Fullscreen_4_12_16__8_38_PM.png HTTP/1.1" 200 38479 "https://theoldreader.com/feeds/52230dc9c70bc2d6b6000153" "Mozilla/5.0 (Windows NT 10.0; WOW64; rv:45.0) Gecko/20100101 Firefox/45.0"
31.10.166.52 - - [17/Apr/2016:08:25:44 -0400] "GET /52vis/2016-14/jkaupp/State%20level%20HUD%20v%20CoC%20Funding.svg HTTP/1.1" 200 15841994 "https://theoldreader.com/feeds/52230dc9c70bc2d6b6000153" "Mozilla/5.0 (Windows NT 10.0; WOW64; rv:45.0) Gecko/20100101 Firefox/45.0"
192.0.99.83 - - [17/Apr/2016:08:25:45 -0400] "GET /b/wp-content/uploads/2016/04/homeless_rates.png HTTP/1.1" 200 27259 "-" "Photon/1.0"
74.116.8.41 - - [17/Apr/2016:08:25:48 -0400] "GET /b/wp-content/uploads/2016/04/homeless_rates.png HTTP/1.1" 200 27259 "http://www.r-bloggers.com/" "Mozilla/5.0 (Windows NT 6.1; WOW64; Trident/7.0; rv:11.0) like Gecko"
74.116.8.41 - - [17/Apr/2016:08:25:48 -0400] "GET /b/wp-content/uploads/2016/04/drones-by-state-and-pop.png HTTP/1.1" 200 59873 "http://www.r-bloggers.com/" "Mozilla/5.0 (Windows NT 6.1; WOW64; Trident/7.0; rv:11.0) like Gecko"
74.116.8.41 - - [17/Apr/2016:08:25:48 -0400] "GET /b/wp-content/uploads/2016/04/Fullscreen_4_12_16__8_38_PM.png HTTP/1.1" 200 38479 "http://www.r-bloggers.com/" "Mozilla/5.0 (Windows NT 6.1; WOW64; Trident/7.0; rv:11.0) like Gecko"
74.116.8.41 - - [17/Apr/2016:08:25:48 -0400] "GET /b/wp-content/uploads/2016/04/waste.png HTTP/1.1" 200 87878 "http://www.r-bloggers.com/" "Mozilla/5.0 (Windows NT 6.1; WOW64; Trident/7.0; rv:11.0) like Gecko"
120.50.57.4 - - [17/Apr/2016:08:25:54 -0400] "GET /b/wp-content/uploads/2012/07/fig-4-example-large.png HTTP/1.1" 200 19752 "https://www.google.com" "Mozilla/5.0 (Windows NT 10.0; WOW64; rv:45.0) Gecko/20100101 Firefox/45.0"
153.225.134.117 - - [17/Apr/2016:08:26:17 -0400] "GET /b/wp-content/uploads/2016/04/homeless_rates.png HTTP/1.1" 200 27259 "http://www.r-bloggers.com/" "Mozilla/5.0 (Macintosh; Intel Mac OS X 10_10_5) AppleWebKit/537.36 (KHTML, like Gecko) Chrome/49.0.2623.112 Safari/537.36"
153.225.134.117 - - [17/Apr/2016:08:26:17 -0400] "GET /b/wp-content/uploads/2016/04/drones-by-state-and-pop.png HTTP/1.1" 200 59873 "http://www.r-bloggers.com/" "Mozilla/5.0 (Macintosh; Intel Mac OS X 10_10_5) AppleWebKit/537.36 (KHTML, like Gecko) Chrome/49.0.2623.112 Safari/537.36"
153.225.134.117 - - [17/Apr/2016:08:26:17 -0400] "GET /b/wp-content/uploads/2016/04/Fullscreen_4_12_16__8_38_PM.png HTTP/1.1" 200 38479 "http://www.r-bloggers.com/" "Mozilla/5.0 (Macintosh; Intel Mac OS X 10_10_5) AppleWebKit/537.36 (KHTML, like Gecko) Chrome/49.0.2623.112 Safari/537.36"
153.225.134.117 - - [17/Apr/2016:08:26:17 -0400] "GET /b/wp-content/uploads/2016/04/waste.png HTTP/1.1" 200 87878 "http://www.r-bloggers.com/" "Mozilla/5.0 (Macintosh; Intel Mac OS X 10_10_5) AppleWebKit/537.36 (KHTML, like Gecko) Chrome/49.0.2623.112 Safari/537.36"
156.57.113.135 - - [17/Apr/2016:08:26:44 -0400] "GET /b/wp-content/uploads/2016/04/waste.png HTTP/1.1" 200 87878 "-" "Mozilla/5.0 (Mobile; Windows Phone 8.1; Android 4.0; ARM; Trident/7.0; Touch; rv:11.0; IEMobile/11.0; NOKIA; Lumia 830) like iPhone OS 7_0_3 Mac OS X AppleWebKit/537 (KHTML, like Gecko) Mobile Safari/537"
74.125.93.164 - - [17/Apr/2016:08:26:45 -0400] "GET /b/index.php/feed/rss/ HTTP/1.1" 404 830 "-" "FeedBurner/1.0 (http://www.FeedBurner.com)"
66.249.88.2 - - [17/Apr/2016:08:26:46 -0400] "GET /b/wp-content/uploads/2016/04/Fullscreen_4_12_16__8_38_PM.png HTTP/1.1" 200 38479 "-" "Mozilla/5.0 (Windows NT 5.1; rv:11.0) Gecko Firefox/11.0 (via ggpht.com GoogleImageProxy)"
93.37.247.35 - - [17/Apr/2016:08:26:51 -0400] "GET /b/wp-content/uploads/2016/04/homeless_rates.png HTTP/1.1" 200 27259 "http://www.r-bloggers.com/" "Mozilla/5.0 (Windows NT 10.0; WOW64) AppleWebKit/537.36 (KHTML, like Gecko) Chrome/49.0.2623.112 Safari/537.36"
93.37.247.35 - - [17/Apr/2016:08:26:51 -0400] "GET /b/wp-content/uploads/2016/04/drones-by-state-and-pop.png HTTP/1.1" 200 59873 "http://www.r-bloggers.com/" "Mozilla/5.0 (Windows NT 10.0; WOW64) AppleWebKit/537.36 (KHTML, like Gecko) Chrome/49.0.2623.112 Safari/537.36"
93.37.247.35 - - [17/Apr/2016:08:26:51 -0400] "GET /b/wp-content/uploads/2016/04/Fullscreen_4_12_16__8_38_PM.png HTTP/1.1" 200 38479 "http://www.r-bloggers.com/" "Mozilla/5.0 (Windows NT 10.0; WOW64) AppleWebKit/537.36 (KHTML, like Gecko) Chrome/49.0.2623.112 Safari/537.36"
93.37.247.35 - - [17/Apr/2016:08:26:53 -0400] "GET /b/wp-content/uploads/2016/04/waste.png HTTP/1.1" 200 87878 "http://www.r-bloggers.com/" "Mozilla/5.0 (Windows NT 10.0; WOW64) AppleWebKit/537.36 (KHTML, like Gecko) Chrome/49.0.2623.112 Safari/537.36"
104.236.112.222 - - [17/Apr/2016:08:26:55 -0400] "POST /b/wp-cron.php?doing_wp_cron=1460896015.1553881168365478515625 HTTP/1.0" 499 0 "-" "WordPress/4.5; http://rud.is/b"
208.115.113.91 - - [17/Apr/2016:08:26:55 -0400] "GET /b/2016/04/07/geom_lollipop-by-the-chartettes/?replytocom=15364 HTTP/1.1" 200 70489 "-" "Mozilla/5.0 (compatible; DotBot/1.1; http://www.opensiteexplorer.org/dotbot, help@moz.com)"
115.187.236.95 - - [17/Apr/2016:08:26:56 -0400] "GET /b/rmd/fmgp_files/figure-html/unnamed-chunk-16-1.png HTTP/1.1" 200 81481 "http://www.r-bloggers.com/search/heatmap" "Mozilla/5.0 (Macintosh; Intel Mac OS X 10_9_5) AppleWebKit/537.36 (KHTML, like Gecko) Chrome/49.0.2623.112 Safari/537.36"
192.175.173.36 - - [17/Apr/2016:08:27:13 -0400] "GET /b/feed/ HTTP/1.1" 200 45397 "-" "Windows-RSS-Platform/2.0 (IE 11.0; Windows NT 6.1)"
79.155.105.206 - - [17/Apr/2016:08:27:14 -0400] "GET /b/wp-content/uploads/2016/04/HomelessPopulation_optim.gif HTTP/1.1" 200 214825 "-" "Mozilla/5.0 (iPhone; CPU OS 5_0_1 like Mac OS X) AppleWebKit/534.46 (KHTML, like Gecko) Version/5.1 Mobile/9A405 Safari/7534.48.3"
79.155.105.206 - - [17/Apr/2016:08:27:14 -0400] "GET /b/wp-content/uploads/2016/04/sheltered-homeless-by-state.gif HTTP/1.1" 200 195023 "-" "Mozilla/5.0 (iPhone; CPU OS 5_0_1 like Mac OS X) AppleWebKit/534.46 (KHTML, like Gecko) Version/5.1 Mobile/9A405 Safari/7534.48.3"
205.210.42.86 - - [17/Apr/2016:08:27:15 -0400] "GET /b HTTP/1.1" 301 193 "-" "easyDNS Monitoring ( http://easyurl.net/monitoring )"
54.186.248.49 - - [17/Apr/2016:08:27:15 -0400] "GET /b/feed/atom HTTP/1.1" 304 0 "http://rud.is/b/feed/atom" "Feedspot http://www.feedspot.com"
205.210.42.86 - - [17/Apr/2016:08:27:16 -0400] "GET /b/ HTTP/1.1" 200 36014 "-" "easyDNS Monitoring ( http://easyurl.net/monitoring )"
79.155.105.206 - - [17/Apr/2016:08:27:23 -0400] "GET /52vis/2016-14/jkaupp/State%20level%20HUD%20v%20CoC%20Funding.svg HTTP/1.1" 200 15841994 "-" "Mozilla/5.0 (iPhone; CPU OS 5_0_1 like Mac OS X) AppleWebKit/534.46 (KHTML, like Gecko) Version/5.1 Mobile/9A405 Safari/7534.48.3"
79.155.105.206 - - [17/Apr/2016:08:27:24 -0400] "GET /b/wp-content/uploads/2016/04/unnamed-chunk-9-1.png HTTP/1.1" 200 45742 "-" "Mozilla/5.0 (iPhone; CPU OS 5_0_1 like Mac OS X) AppleWebKit/534.46 (KHTML, like Gecko) Version/5.1 Mobile/9A405 Safari/7534.48.3"
79.155.105.206 - - [17/Apr/2016:08:27:24 -0400] "GET /b/wp-content/uploads/2016/04/homelesslines.png HTTP/1.1" 200 136477 "-" "Mozilla/5.0 (iPhone; CPU OS 5_0_1 like Mac OS X) AppleWebKit/534.46 (KHTML, like Gecko) Version/5.1 Mobile/9A405 Safari/7534.48.3"
79.155.105.206 - - [17/Apr/2016:08:27:25 -0400] "GET /b/wp-content/uploads/2016/04/Rplot01.png HTTP/1.1" 200 7407 "-" "Mozilla/5.0 (iPhone; CPU OS 5_0_1 like Mac OS X) AppleWebKit/534.46 (KHTML, like Gecko) Version/5.1 Mobile/9A405 Safari/7534.48.3"
