82.242.206.133 - - [17/Apr/2016:07:35:25 -0400] "GET /b/wp-content/plugins/bwp-minify/min/?f=b/wp-content/themes/read/css/print.css HTTP/1.1" 304 0 "https://rud.is/b/2016/03/30/introducing-a-weekly-r-python-js-etc-vis-challenge/" "Mozilla/5.0 (Windows NT 10.0; WOW64) AppleWebKit/537.36 (KHTML, like Gecko) Chrome/49.0.2623.112 Safari/537.36"
82.242.206.133 - - [17/Apr/2016:07:35:25 -0400] "GET /b/wp-content/themes/read/css/fonts/justvector/justvector-webfont.woff HTTP/1.1" 304 0 "https://rud.is/b/wp-content/plugins/bwp-minify/min/?f=b/wp-content/themes/read/css/flexslider.css,b/wp-content/themes/read/css/gamma-gallery.css,b/wp-content/themes/read/css/main.css,b/wp-content/themes/read/css/jquery.fancybox-1.3.4.css,b/wp-content/themes/read/css/wp-fix.css,b/wp-content/plugins/jetpack/modules/sharedaddy/sharing.css,b/wp-content/plugins/jetpack/_inc/genericons/genericons/genericons.css,b/wp-content/plugins/jetpack/css/jetpack.css" "Mozilla/5.0 (Windows NT 10.0; WOW64) AppleWebKit/537.36 (KHTML, like Gecko) Chrome/49.0.2623.112 Safari/537.36"
82.242.206.133 - - [17/Apr/2016:07:35:26 -0400] "GET /b/wp-content/themes/read/css/fonts/FontAwesome/fontawesome-webfont.woff HTTP/1.1" 304 0 "https://rud.is/b/wp-content/plugins/bwp-minify/min/?f=b/wp-content/plugins/jetpack/modules/related-posts/related-posts.css,b/wp-content/plugins/captcha/css/style.css,b/wp-content/plugins/captcha/css/desktop_style.css,b/wp-content/plugins/wp-syntax/css/wp-syntax.css,b/wp-content/plugins/jetpack/modules/likes/style.css,b/wp-content/themes/read/css/grid.css,b/wp-content/themes/read/css/normalize.css,b/wp-content/themes/read/css/font-awesome.css,b/wp-content/themes/read/js/google-code-prettify/prettify.css,b/wp-content/themes/read/css/uniform.default.css" "Mozilla/5.0 (Windows NT 10.0; WOW64) AppleWebKit/537.36 (KHTML, like Gecko) Chrome/49.0.2623.112 Safari/537.36"
82.242.206.133 - - [17/Apr/2016:07:35:26 -0400] "GET /b/wp-content/themes/read/images/bckg/loader_light.gif HTTP/1.1" 304 0 "https://rud.is/b/wp-content/plugins/bwp-minify/min/?f=b/wp-content/themes/read/css/flexslider.css,b/wp-content/themes/read/css/gamma-gallery.css,b/wp-content/themes/read/css/main.css,b/wp-content/themes/read/css/jquery.fancybox-1.3.4.css,b/wp-content/themes/read/css/wp-fix.css,b/wp-content/plugins/jetpack/modules/sharedaddy/sharing.css,b/wp-content/plugins/jetpack/_inc/genericons/genericons/genericons.css,b/wp-content/plugins/jetpack/css/jetpack.css" "Mozilla/5.0 (Windows NT 10.0; WOW64) AppleWebKit/537.36 (KHTML, like Gecko) Chrome/49.0.2623.112 Safari/537.36"
82.242.206.133 - - [17/Apr/2016:07:35:27 -0400] "GET /piwik/piwik.php?idsite=2&rec=1 HTTP/1.1" 200 54 "-" "Mozilla/5.0 (Windows NT 10.0; WOW64) AppleWebKit/537.36 (KHTML, like Gecko) Chrome/49.0.2623.112 Safari/537.36"
82.242.206.133 - - [17/Apr/2016:07:35:28 -0400] "GET /b/wp-content/themes/read/images/bckg/loader_dark.gif HTTP/1.1" 304 0 "https://rud.is/b/wp-content/plugins/bwp-minify/min/?f=b/wp-content/themes/read/css/flexslider.css,b/wp-content/themes/read/css/gamma-gallery.css,b/wp-content/themes/read/css/main.css,b/wp-content/themes/read/css/jquery.fancybox-1.3.4.css,b/wp-content/themes/read/css/wp-fix.css,b/wp-content/plugins/jetpack/modules/sharedaddy/sharing.css,b/wp-content/plugins/jetpack/_inc/genericons/genericons/genericons.css,b/wp-content/plugins/jetpack/css/jetpack.css" "Mozilla/5.0 (Windows NT 10.0; WOW64) AppleWebKit/537.36 (KHTML, like Gecko) Chrome/49.0.2623.112 Safari/537.36"
82.242.206.133 - - [17/Apr/2016:07:35:28 -0400] "GET /b/2016/03/30/introducing-a-weekly-r-python-js-etc-vis-challenge/?relatedposts=1 HTTP/1.1" 200 19077 "https://rud.is/b/2016/03/30/introducing-a-weekly-r-python-js-etc-vis-challenge/" "Mozilla/5.0 (Windows NT 10.0; WOW64) AppleWebKit/537.36 (KHTML, like Gecko) Chrome/49.0.2623.112 Safari/537.36"
82.242.206.133 - - [17/Apr/2016:07:35:29 -0400] "GET /b/wp-content/uploads/2016/04/shield-kriggins-twitter.png HTTP/1.1" 200 121396 "https://rud.is/b/2016/03/30/introducing-a-weekly-r-python-js-etc-vis-challenge/" "Mozilla/5.0 (Windows NT 10.0; WOW64) AppleWebKit/537.36 (KHTML, like Gecko) Chrome/49.0.2623.112 Safari/537.36"
186.250.245.118 - - [17/Apr/2016:07:35:35 -0400] "GET /b/wp-content/uploads/2016/04/drones-by-state-and-pop.png HTTP/1.1" 200 59873 "http://www.r-bloggers.com/" "Mozilla/5.0 (Macintosh; Intel Mac OS X 10_11_4) AppleWebKit/601.5.17 (KHTML, like Gecko) Version/9.1 Safari/601.5.17"
186.250.245.118 - - [17/Apr/2016:07:35:35 -0400] "GET /b/wp-content/uploads/2016/04/homeless_rates.png HTTP/1.1" 200 27259 "http://www.r-bloggers.com/" "Mozilla/5.0 (Macintosh; Intel Mac OS X 10_11_4) AppleWebKit/601.5.17 (KHTML, like Gecko) Version/9.1 Safari/601.5.17"
186.250.245.118 - - [17/Apr/2016:07:35:36 -0400] "GET /b/wp-content/uploads/2016/04/Fullscreen_4_12_16__8_38_PM.png HTTP/1.1" 200 38479 "http://www.r-bloggers.com/" "Mozilla/5.0 (Macintosh; Intel Mac OS X 10_11_4) AppleWebKit/601.5.17 (KHTML, like Gecko) Version/9.1 Safari/601.5.17"
82.242.206.133 - - [17/Apr/2016:07:35:36 -0400] "GET /b/ HTTP/1.1" 200 9674 "https://rud.is/b/2016/03/30/introducing-a-weekly-r-python-js-etc-vis-challenge/" "Mozilla/5.0 (Windows NT 10.0; WOW64) AppleWebKit/537.36 (KHTML, like Gecko) Chrome/49.0.2623.112 Safari/537.36"
82.242.206.133 - - [17/Apr/2016:07:35:36 -0400] "GET /b/wp-includes/css/dashicons.min.css?ver=4d618601f270b2b25e1705d89c1e3dbd HTTP/1.1" 304 0 "https://rud.is/b/" "Mozilla/5.0 (Windows NT 10.0; WOW64) AppleWebKit/537.36 (KHTML, like Gecko) Chrome/49.0.2623.112 Safari/537.36"
82.242.206.133 - - [17/Apr/2016:07:35:36 -0400] "GET /b/wp-content/plugins/bwp-minify/min/?f=b/wp-content/plugins/captcha/css/style.css,b/wp-content/plugins/captcha/css/desktop_style.css,b/wp-content/plugins/wp-syntax/css/wp-syntax.css,b/wp-content/plugins/jetpack/modules/likes/style.css,b/wp-content/themes/read/css/grid.css,b/wp-content/themes/read/css/normalize.css,b/wp-content/themes/read/css/font-awesome.css,b/wp-content/themes/read/js/google-code-prettify/prettify.css,b/wp-content/themes/read/css/uniform.default.css,b/wp-content/themes/read/css/flexslider.css HTTP/1.1" 200 9233 "https://rud.is/b/" "Mozilla/5.0 (Windows NT 10.0; WOW64) AppleWebKit/537.36 (KHTML, like Gecko) Chrome/49.0.2623.112 Safari/537.36"
82.242.206.133 - - [17/Apr/2016:07:35:36 -0400] "GET /b/wp-includes/js/jquery/jquery.js?ver=1.12.3 HTTP/1.1" 304 0 "https://rud.is/b/" "Mozilla/5.0 (Windows NT 10.0; WOW64) AppleWebKit/537.36 (KHTML, like Gecko) Chrome/49.0.2623.112 Safari/537.36"
82.242.206.133 - - [17/Apr/2016:07:35:36 -0400] "GET /b/wp-content/plugins/bwp-minify/min/?f=b/wp-content/themes/read/css/gamma-gallery.css,b/wp-content/themes/read/css/main.css,b/wp-content/themes/read/css/jquery.fancybox-1.3.4.css,b/wp-content/themes/read/css/wp-fix.css,b/wp-content/plugins/jetpack/css/jetpack.css HTTP/1.1" 200 21677 "https://rud.is/b/" "Mozilla/5.0 (Windows NT 10.0; WOW64) AppleWebKit/537.36 (KHTML, like Gecko) Chrome/49.0.2623.112 Safari/537.36"
82.242.206.133 - - [17/Apr/2016:07:35:36 -0400] "GET /b/wp-content/plugins/bwp-minify/min/?f=b/wp-content/plugins/captcha/js/front_end_script.js HTTP/1.1" 200 383 "https://rud.is/b/" "Mozilla/5.0 (Windows NT 10.0; WOW64) AppleWebKit/537.36 (KHTML, like Gecko) Chrome/49.0.2623.112 Safari/537.36"
82.242.206.133 - - [17/Apr/2016:07:35:36 -0400] "GET /b/wp-includes/js/jquery/jquery-migrate.min.js?ver=1.4.0 HTTP/1.1" 304 0 "https://rud.is/b/" "Mozilla/5.0 (Windows NT 10.0; WOW64) AppleWebKit/537.36 (KHTML, like Gecko) Chrome/49.0.2623.112 Safari/537.36"
82.242.206.133 - - [17/Apr/2016:07:35:36 -0400] "GET /b/wp-includes/js/jquery/jquery.js?ver=1.12.3 HTTP/1.1" 304 0 "https://rud.is/b/" "Mozilla/5.0 (Windows NT 10.0; WOW64) AppleWebKit/537.36 (KHTML, like Gecko) Chrome/49.0.2623.112 Safari/537.36"
82.242.206.133 - - [17/Apr/2016:07:35:36 -0400] "GET /b/wp-content/plugins/bwp-minify/min/?f=b/wp-content/themes/read/js/detectmobilebrowser.js,b/wp-content/themes/read/js/modernizr.js,b/wp-content/themes/read/js/jquery.imagesloaded.min.js,b/wp-content/themes/read/js/jquery.fitvids.js,b/wp-content/themes/read/js/google-code-prettify/prettify.js,b/wp-content/themes/read/js/jquery.uniform.min.js,b/wp-content/themes/read/js/jquery.flexslider-min.js,b/wp-content/themes/read/js/jquery.isotope.min.js,b/wp-content/themes/read/js/jquery.fancybox-1.3.4.pack.js,b/wp-content/themes/read/js/jquery.masonry.min.js HTTP/1.1" 200 29999 "https://rud.is/b/" "Mozilla/5.0 (Windows NT 10.0; WOW64) AppleWebKit/537.36 (KHTML, like Gecko) Chrome/49.0.2623.112 Safari/537.36"
82.242.206.133 - - [17/Apr/2016:07:35:36 -0400] "GET /b/wp-includes/js/jquery/jquery-migrate.min.js?ver=1.4.0 HTTP/1.1" 304 0 "https://rud.is/b/" "Mozilla/5.0 (Windows NT 10.0; WOW64) AppleWebKit/537.36 (KHTML, like Gecko) Chrome/49.0.2623.112 Safari/537.36"
82.242.206.133 - - [17/Apr/2016:07:35:36 -0400] "GET /b/wp-content/plugins/bwp-minify/min/?f=b/wp-content/themes/read/js/jquery.history.js,b/wp-content/themes/read/js/js-url.min.js,b/wp-content/themes/read/js/jquerypp.custom.js,b/wp-content/themes/read/js/gamma.js,b/wp-content/themes/read/js/main.js,b/wp-content/themes/read/js/jquery.validate.min.js,b/wp-content/themes/read/js/send-mail.js,b/wp-includes/js/wp-embed.min.js HTTP/1.1" 200 23294 "https://rud.is/b/" "Mozilla/5.0 (Windows NT 10.0; WOW64) AppleWebKit/537.36 (KHTML, like Gecko) Chrome/49.0.2623.112 Safari/537.36"
82.242.206.133 - - [17/Apr/2016:07:35:36 -0400] "GET /b/wp-includes/js/wp-emoji-release.min.js?ver=4d618601f270b2b25e1705d89c1e3dbd HTTP/1.1" 304 0 "https://rud.is/b/" "Mozilla/5.0 (Windows NT 10.0; WOW64) AppleWebKit/537.36 (KHTML, like Gecko) Chrome/49.0.2623.112 Safari/537.36"
82.242.206.133 - - [17/Apr/2016:07:35:37 -0400] "GET /b/wp-content/uploads/2016/04/waste.png HTTP/1.1" 200 87878 "https://rud.is/b/" "Mozilla/5.0 (Windows NT 10.0; WOW64) AppleWebKit/537.36 (KHTML, like Gecko) Chrome/49.0.2623.112 Safari/537.36"
82.242.206.133 - - [17/Apr/2016:07:35:37 -0400] "GET /b/wp-content/uploads/2016/04/Fullscreen_4_12_16__8_38_PM.png HTTP/1.1" 200 38479 "https://rud.is/b/" "Mozilla/5.0 (Windows NT 10.0; WOW64) AppleWebKit/537.36 (KHTML, like Gecko) Chrome/49.0.2623.112 Safari/537.36"
82.242.206.133 - - [17/Apr/2016:07:35:37 -0400] "GET /b/wp-content/uploads/2016/04/Fullscreen_4_11_16__1_10_AM.png HTTP/1.1" 200 33483 "https://rud.is/b/" "Mozilla/5.0 (Windows NT 10.0; WOW64) AppleWebKit/537.36 (KHTML, like Gecko) Chrome/49.0.2623.112 Safari/537.36"
82.242.206.133 - - [17/Apr/2016:07:35:37 -0400] "GET /b/wp-content/uploads/2016/04/download.png HTTP/1.1" 200 54765 "https://rud.is/b/" "Mozilla/5.0 (Windows NT 10.0; WOW64) AppleWebKit/537.36 (KHTML, like Gecko) Chrome/49.0.2623.112 Safari/537.36"
82.242.206.133 - - [17/Apr/2016:07:35:37 -0400] "GET /b/wp-content/themes/read/css/fonts/justvector/justvector-webfont.woff HTTP/1.1" 304 0 "https://rud.is/b/" "Mozilla/5.0 (Windows NT 10.0; WOW64) AppleWebKit/537.36 (KHTML, like Gecko) Chrome/49.0.2623.112 Safari/537.36"
82.242.206.133 - - [17/Apr/2016:07:35:37 -0400] "GET /b/wp-content/themes/read/css/fonts/FontAwesome/fontawesome-webfont.woff HTTP/1.1" 304 0 "https://rud.is/b/" "Mozilla/5.0 (Windows NT 10.0; WOW64) AppleWebKit/537.36 (KHTML, like Gecko) Chrome/49.0.2623.112 Safari/537.36"
82.242.206.133 - - [17/Apr/2016:07:35:37 -0400] "GET /b/wp-content/uploads/2016/04/percapita.png HTTP/1.1" 200 127720 "https://rud.is/b/" "Mozilla/5.0 (Windows NT 10.0; WOW64) AppleWebKit/537.36 (KHTML, like Gecko) Chrome/49.0.2623.112 Safari/537.36"
186.250.245.118 - - [17/Apr/2016:07:35:37 -0400] "GET /b/wp-content/uploads/2016/04/waste.png HTTP/1.1" 200 87878 "http://www.r-bloggers.com/" "Mozilla/5.0 (Macintosh; Intel Mac OS X 10_11_4) AppleWebKit/601.5.17 (KHTML, like Gecko) Version/9.1 Safari/601.5.17"
123.194.126.158 - - [17/Apr/2016:07:35:49 -0400] "GET /b/wp-content/uploads/2016/04/homeless_rates.png HTTP/1.1" 200 27259 "http://www.r-bloggers.com/" "Mozilla/5.0 (Windows NT 10.0; WOW64) AppleWebKit/537.36 (KHTML, like Gecko) Chrome/49.0.2623.112 Safari/537.36"
123.194.126.158 - - [17/Apr/2016:07:35:49 -0400] "GET /b/wp-content/uploads/2016/04/drones-by-state-and-pop.png HTTP/1.1" 200 59873 "http://www.r-bloggers.com/" "Mozilla/5.0 (Windows NT 10.0; WOW64) AppleWebKit/537.36 (KHTML, like Gecko) Chrome/49.0.2623.112 Safari/537.36"
123.194.126.158 - - [17/Apr/2016:07:35:49 -0400] "GET /b/wp-content/uploads/2016/04/Fullscreen_4_12_16__8_38_PM.png HTTP/1.1" 200 38479 "http://www.r-bloggers.com/" "Mozilla/5.0 (Windows NT 10.0; WOW64) AppleWebKit/537.36 (KHTML, like Gecko) Chrome/49.0.2623.112 Safari/537.36"
123.194.126.158 - - [17/Apr/2016:07:35:49 -0400] "GET /b/wp-content/uploads/2016/04/waste.png HTTP/1.1" 200 87878 "http://www.r-bloggers.com/" "Mozilla/5.0 (Windows NT 10.0; WOW64) AppleWebKit/537.36 (KHTML, like Gecko) Chrome/49.0.2623.112 Safari/537.36"
82.242.206.133 - - [17/Apr/2016:07:35:54 -0400] "GET /b/2016/04/13/52-vis-week-1-winners/ HTTP/1.1" 200 13754 "https://rud.is/b/" "Mozilla/5.0 (Windows NT 10.0; WOW64) AppleWebKit/537.36 (KHTML, like Gecko) Chrome/49.0.2623.112 Safari/537.36"
82.242.206.133 - - [17/Apr/2016:07:35:54 -0400] "GET /b/wp-includes/css/dashicons.min.css?ver=4d618601f270b2b25e1705d89c1e3dbd HTTP/1.1" 304 0 "https://rud.is/b/2016/04/13/52-vis-week-1-winners/" "Mozilla/5.0 (Windows NT 10.0; WOW64) AppleWebKit/537.36 (KHTML, like Gecko) Chrome/49.0.2623.112 Safari/537.36"
82.242.206.133 - - [17/Apr/2016:07:35:54 -0400] "GET /b/wp-includes/js/jquery/jquery-migrate.min.js?ver=1.4.0 HTTP/1.1" 304 0 "https://rud.is/b/2016/04/13/52-vis-week-1-winners/" "Mozilla/5.0 (Windows NT 10.0; WOW64) AppleWebKit/537.36 (KHTML, like Gecko) Chrome/49.0.2623.112 Safari/537.36"
82.242.206.133 - - [17/Apr/2016:07:35:54 -0400] "GET /b/wp-includes/js/jquery/jquery.js?ver=1.12.3 HTTP/1.1" 304 0 "https://rud.is/b/2016/04/13/52-vis-week-1-winners/" "Mozilla/5.0 (Windows NT 10.0; WOW64) AppleWebKit/537.36 (KHTML, like Gecko) Chrome/49.0.2623.112 Safari/537.36"
82.242.206.133 - - [17/Apr/2016:07:35:54 -0400] "GET /b/wp-includes/js/jquery/jquery.js?ver=1.12.3 HTTP/1.1" 304 0 "https://rud.is/b/2016/04/13/52-vis-week-1-winners/" "Mozilla/5.0 (Windows NT 10.0; WOW64) AppleWebKit/537.36 (KHTML, like Gecko) Chrome/49.0.2623.112 Safari/537.36"
82.242.206.133 - - [17/Apr/2016:07:35:54 -0400] "GET /b/wp-includes/js/wp-emoji-release.min.js?ver=4d618601f270b2b25e1705d89c1e3dbd HTTP/1.1" 304 0 "https://rud.is/b/2016/04/13/52-vis-week-1-winners/" "Mozilla/5.0 (Windows NT 10.0; WOW64) AppleWebKit/537.36 (KHTML, like Gecko) Chrome/49.0.2623.112 Safari/537.36"
82.242.206.133 - - [17/Apr/2016:07:35:55 -0400] "GET /b/wp-content/uploads/2016/04/drones-by-state-and-pop.png HTTP/1.1" 200 59873 "https://rud.is/b/2016/04/13/52-vis-week-1-winners/" "Mozilla/5.0 (Windows NT 10.0; WOW64) AppleWebKit/537.36 (KHTML, like Gecko) Chrome/49.0.2623.112 Safari/537.36"
82.242.206.133 - - [17/Apr/2016:07:35:55 -0400] "GET /b/wp-includes/js/jquery/jquery-migrate.min.js?ver=1.4.0 HTTP/1.1" 304 0 "https://rud.is/b/2016/04/13/52-vis-week-1-winners/" "Mozilla/5.0 (Windows NT 10.0; WOW64) AppleWebKit/537.36 (KHTML, like Gecko) Chrome/49.0.2623.112 Safari/537.36"
82.242.206.133 - - [17/Apr/2016:07:35:55 -0400] "GET /b/wp-content/uploads/2016/04/X9gtgeU8kD9wAAAABJRU5ErkJggg.png HTTP/1.1" 200 143719 "https://rud.is/b/2016/04/13/52-vis-week-1-winners/" "Mozilla/5.0 (Windows NT 10.0; WOW64) AppleWebKit/537.36 (KHTML, like Gecko) Chrome/49.0.2623.112 Safari/537.36"
82.242.206.133 - - [17/Apr/2016:07:35:55 -0400] "GET /b/wp-content/uploads/2016/04/T2.png HTTP/1.1" 200 36546 "https://rud.is/b/2016/04/13/52-vis-week-1-winners/" "Mozilla/5.0 (Windows NT 10.0; WOW64) AppleWebKit/537.36 (KHTML, like Gecko) Chrome/49.0.2623.112 Safari/537.36"
82.242.206.133 - - [17/Apr/2016:07:35:55 -0400] "GET /b/wp-content/uploads/2016/04/timevtime.png HTTP/1.1" 200 66742 "https://rud.is/b/2016/04/13/52-vis-week-1-winners/" "Mozilla/5.0 (Windows NT 10.0; WOW64) AppleWebKit/537.36 (KHTML, like Gecko) Chrome/49.0.2623.112 Safari/537.36"
82.242.206.133 - - [17/Apr/2016:07:35:55 -0400] "GET /b/wp-content/uploads/2016/04/drones_ottlngr.png HTTP/1.1" 200 52928 "https://rud.is/b/2016/04/13/52-vis-week-1-winners/" "Mozilla/5.0 (Windows NT 10.0; WOW64) AppleWebKit/537.36 (KHTML, like Gecko) Chrome/49.0.2623.112 Safari/537.36"
82.242.206.133 - - [17/Apr/2016:07:35:55 -0400] "GET /b/wp-content/themes/read/css/fonts/justvector/justvector-webfont.woff HTTP/1.1" 304 0 "https://rud.is/b/2016/04/13/52-vis-week-1-winners/" "Mozilla/5.0 (Windows NT 10.0; WOW64) AppleWebKit/537.36 (KHTML, like Gecko) Chrome/49.0.2623.112 Safari/537.36"
82.242.206.133 - - [17/Apr/2016:07:35:55 -0400] "GET /b/wp-content/uploads/2016/04/drones.gif HTTP/1.1" 200 629813 "https://rud.is/b/2016/04/13/52-vis-week-1-winners/" "Mozilla/5.0 (Windows NT 10.0; WOW64) AppleWebKit/537.36 (KHTML, like Gecko) Chrome/49.0.2623.112 Safari/537.36"
82.242.206.133 - - [17/Apr/2016:07:35:55 -0400] "GET /b/wp-content/uploads/2016/04/unspecified.png HTTP/1.1" 200 191858 "https://rud.is/b/2016/04/13/52-vis-week-1-winners/" "Mozilla/5.0 (Windows NT 10.0; WOW64) AppleWebKit/537.36 (KHTML, like Gecko) Chrome/49.0.2623.112 Safari/537.36"
82.242.206.133 - - [17/Apr/2016:07:35:55 -0400] "GET /b/wp-content/uploads/2016/04/Rplot2.png HTTP/1.1" 200 5598 "https://rud.is/b/2016/04/13/52-vis-week-1-winners/" "Mozilla/5.0 (Windows NT 10.0; WOW64) AppleWebKit/537.36 (KHTML, like Gecko) Chrome/49.0.2623.112 Safari/537.36"
82.242.206.133 - - [17/Apr/2016:07:35:55 -0400] "GET /b/wp-content/uploads/2016/04/Classify-Monthly-UAS-sightings-on-the-basis-of-day-and-night-time.jpeg HTTP/1.1" 200 35197 "https://rud.is/b/2016/04/13/52-vis-week-1-winners/" "Mozilla/5.0 (Windows NT 10.0; WOW64) AppleWebKit/537.36 (KHTML, like Gecko) Chrome/49.0.2623.112 Safari/537.36"
82.242.206.133 - - [17/Apr/2016:07:35:56 -0400] "GET /b/wp-content/uploads/2016/04/drones_af_map.png HTTP/1.1" 200 122596 "https://rud.is/b/2016/04/13/52-vis-week-1-winners/" "Mozilla/5.0 (Windows NT 10.0; WOW64) AppleWebKit/537.36 (KHTML, like Gecko) Chrome/49.0.2623.112 Safari/537.36"
82.242.206.133 - - [17/Apr/2016:07:35:56 -0400] "GET /b/wp-content/uploads/2016/04/drones_states.png HTTP/1.1" 200 41523 "https://rud.is/b/2016/04/13/52-vis-week-1-winners/" "Mozilla/5.0 (Windows NT 10.0; WOW64) AppleWebKit/537.36 (KHTML, like Gecko) Chrome/49.0.2623.112 Safari/537.36"
82.242.206.133 - - [17/Apr/2016:07:35:56 -0400] "GET /b/2016/04/13/52-vis-week-1-winners/?relatedposts=1 HTTP/1.1" 200 13786 "https://rud.is/b/2016/04/13/52-vis-week-1-winners/" "Mozilla/5.0 (Windows NT 10.0; WOW64) AppleWebKit/537.36 (KHTML, like Gecko) Chrome/49.0.2623.112 Safari/537.36"
82.242.206.133 - - [17/Apr/2016:07:35:56 -0400] "GET /b/wp-content/uploads/2016/04/drones-1.gif HTTP/1.1" 200 530041 "https://rud.is/b/2016/04/13/52-vis-week-1-winners/" "Mozilla/5.0 (Windows NT 10.0; WOW64) AppleWebKit/537.36 (KHTML, like Gecko) Chrome/49.0.2623.112 Safari/537.36"
66.249.64.232 - - [17/Apr/2016:07:36:06 -0400] "GET /b/2012/07/09/honeypot-analytics-500-pretty-passwords/ HTTP/1.1" 200 15140 "-" "Mozilla/5.0 (compatible; Googlebot/2.1; +http://www.google.com/bot.html)"
121.132.183.2 - - [17/Apr/2016:07:36:09 -0400] "GET /b/wp-content/uploads/2016/04/Fullscreen_4_12_16__8_38_PM.png HTTP/1.1" 200 38479 "http://www.r-bloggers.com/" "Mozilla/5.0 (Windows NT 10.0; WOW64; Trident/7.0; rv:11.0) like Gecko"
121.132.183.2 - - [17/Apr/2016:07:36:09 -0400] "GET /b/wp-content/uploads/2016/04/homeless_rates.png HTTP/1.1" 200 27259 "http://www.r-bloggers.com/" "Mozilla/5.0 (Windows NT 10.0; WOW64; Trident/7.0; rv:11.0) like Gecko"
121.132.183.2 - - [17/Apr/2016:07:36:09 -0400] "GET /b/wp-content/uploads/2016/04/drones-by-state-and-pop.png HTTP/1.1" 200 59873 "http://www.r-bloggers.com/" "Mozilla/5.0 (Windows NT 10.0; WOW64; Trident/7.0; rv:11.0) like Gecko"
121.132.183.2 - - [17/Apr/2016:07:36:09 -0400] "GET /b/wp-content/uploads/2016/04/waste.png HTTP/1.1" 200 87878 "http://www.r-bloggers.com/" "Mozilla/5.0 (Windows NT 10.0; WOW64; Trident/7.0; rv:11.0) like Gecko"
174.109.107.93 - - [17/Apr/2016:07:36:34 -0400] "GET /b/wp-content/uploads/2015/03/isrbar.png HTTP/1.1" 200 32328 "http://www.r-bloggers.com/fixing-colors-proportions-in-jerusalem-post-election-graphics/" "Mozilla/5.0 (X11; Linux x86_64) AppleWebKit/537.36 (KHTML, like Gecko) Chrome/49.0.2623.112 Safari/537.36"
174.109.107.93 - - [17/Apr/2016:07:36:34 -0400] "GET /b/wp-content/uploads/2015/03/israel.png HTTP/1.1" 200 41206 "http://www.r-bloggers.com/fixing-colors-proportions-in-jerusalem-post-election-graphics/" "Mozilla/5.0 (X11; Linux x86_64) AppleWebKit/537.36 (KHTML, like Gecko) Chrome/49.0.2623.112 Safari/537.36"
84.202.121.58 - - [17/Apr/2016:07:36:39 -0400] "GET /b/wp-content/uploads/2016/04/Fullscreen_4_12_16__8_38_PM.png HTTP/1.1" 200 38479 "http://www.r-bloggers.com/" "Mozilla/5.0 (Macintosh; Intel Mac OS X 10_11_4) AppleWebKit/601.5.17 (KHTML, like Gecko) Version/9.1 Safari/601.5.17"
84.202.121.58 - - [17/Apr/2016:07:36:39 -0400] "GET /b/wp-content/uploads/2016/04/homeless_rates.png HTTP/1.1" 200 27259 "http://www.r-bloggers.com/" "Mozilla/5.0 (Macintosh; Intel Mac OS X 10_11_4) AppleWebKit/601.5.17 (KHTML, like Gecko) Version/9.1 Safari/601.5.17"
84.202.121.58 - - [17/Apr/2016:07:36:39 -0400] "GET /b/wp-content/uploads/2016/04/drones-by-state-and-pop.png HTTP/1.1" 200 59873 "http://www.r-bloggers.com/" "Mozilla/5.0 (Macintosh; Intel Mac OS X 10_11_4) AppleWebKit/601.5.17 (KHTML, like Gecko) Version/9.1 Safari/601.5.17"
84.202.121.58 - - [17/Apr/2016:07:36:39 -0400] "GET /b/wp-content/uploads/2016/04/waste.png HTTP/1.1" 200 87878 "http://www.r-bloggers.com/" "Mozilla/5.0 (Macintosh; Intel Mac OS X 10_11_4) AppleWebKit/601.5.17 (KHTML, like Gecko) Version/9.1 Safari/601.5.17"
61.64.174.223 - - [17/Apr/2016:07:37:02 -0400] "GET /b/rmd/fmgp_files/figure-html/unnamed-chunk-16-1.png HTTP/1.1" 200 81481 "http://www.r-bloggers.com/search/heatmap" "Mozilla/5.0 (Windows NT 10.0; WOW64) AppleWebKit/537.36 (KHTML, like Gecko) Chrome/49.0.2623.112 Safari/537.36"
104.236.112.222 - - [17/Apr/2016:07:37:02 -0400] "POST /b/wp-cron.php?doing_wp_cron=1460893022.3541519641876220703125 HTTP/1.0" 499 0 "-" "WordPress/4.5; http://rud.is/b"
45.79.152.182 - - [17/Apr/2016:07:37:02 -0400] "GET /b/feed/atom/ HTTP/1.1" 200 45939 "-" "Mozilla/5.0 (Macintosh; Intel Mac OS X 10_8_2; Feeder.co) AppleWebKit/537.31 (KHTML, like Gecko) Chrome/37.0.2062.120 Safari/537.36"
8.29.198.26 - - [17/Apr/2016:07:37:05 -0400] "GET /b/feed/atom/ HTTP/1.1" 304 0 "-" "Feedly/1.0 (+http://www.feedly.com/fetcher.html; like FeedFetcher-Google)"
54.174.114.150 - - [17/Apr/2016:07:37:11 -0400] "HEAD /b/feed/ HTTP/1.1" 304 0 "-" "Slackbot 1.0 (+https://api.slack.com/robots)"
54.174.114.150 - - [17/Apr/2016:07:37:12 -0400] "GET /b/feed/ HTTP/1.1" 200 45411 "-" "Slackbot 1.0 (+https://api.slack.com/robots)"
205.210.42.86 - - [17/Apr/2016:07:37:15 -0400] "GET /b HTTP/1.1" 301 193 "-" "easyDNS Monitoring ( http://easyurl.net/monitoring )"
205.210.42.86 - - [17/Apr/2016:07:37:16 -0400] "GET /b/ HTTP/1.1" 200 36022 "-" "easyDNS Monitoring ( http://easyurl.net/monitoring )"
104.236.112.222 - - [17/Apr/2016:07:37:22 -0400] "POST /b/wp-cron.php?doing_wp_cron=1460893042.8598010540008544921875 HTTP/1.0" 499 0 "-" "WordPress/4.5; http://rud.is/b"
142.166.68.36 - - [17/Apr/2016:07:37:23 -0400] "GET /b/2016/04/13/52-vis-week-2-wrap-up/ HTTP/1.1" 200 43793 "-" "R6_CommentReader(www.radian6.com/crawler)"
66.249.89.119 - - [17/Apr/2016:07:37:27 -0400] "GET /b/feed/atom/ HTTP/1.1" 200 45939 "-" "Feedfetcher-Google; (+http://www.google.com/feedfetcher.html; 1 subscribers; feed-id=7445029850383791927)"
66.249.83.172 - - [17/Apr/2016:07:37:41 -0400] "GET /b/wp-content/uploads/2016/04/waste.png HTTP/1.1" 200 87878 "-" "Mozilla/5.0 (Windows NT 5.1; rv:11.0) Gecko Firefox/11.0 (via ggpht.com GoogleImageProxy)"
101.110.53.38 - - [17/Apr/2016:07:37:50 -0400] "GET /b/wp-content/uploads/2016/04/Fullscreen_4_12_16__8_38_PM.png HTTP/1.1" 200 38479 "https://uk-mg42.mail.yahoo.com/neo/launch?.partner=bt-1&.rand=0rdooqce7oc97" "Mozilla/5.0 (Windows NT 6.1; WOW64; Trident/7.0; NissanEurope; rv:11.0) like Gecko"
192.0.102.40 - - [17/Apr/2016:07:37:56 -0400] "HEAD /b HTTP/1.1" 301 0 "-" "jetmon/1.0 (Jetpack Site Uptime Monitor by WordPress.com)"
192.0.102.40 - - [17/Apr/2016:07:37:57 -0400] "HEAD /b/ HTTP/1.1" 200 0 "-" "jetmon/1.0 (Jetpack Site Uptime Monitor by WordPress.com)"
198.50.159.82 - - [17/Apr/2016:07:38:14 -0400] "GET /b/2016/03/12/ggplot2%E3%81%A7%E5%AD%97%E5%B9%95-subtitles-in-ggplot2?utm_content=buffer42831&utm_medium=social&utm_source=twitter.com&utm_campaign=buffer HTTP/1.1" 301 5 "-" "Mozilla/5.0 (Macintosh; Intel Mac OS X 10.10; rv:41.0) Gecko/20100101 Firefox/41.0"
198.50.159.82 - - [17/Apr/2016:07:38:15 -0400] "GET /b/2016/03/12/ggplot2%E3%81%A7%E5%AD%97%E5%B9%95-subtitles-in-ggplot2/?utm_content=buffer42831&utm_medium=social&utm_source=twitter.com&utm_campaign=buffer HTTP/1.1" 200 16629 "-" "Mozilla/5.0 (Macintosh; Intel Mac OS X 10.10; rv:41.0) Gecko/20100101 Firefox/41.0"
46.236.24.51 - - [17/Apr/2016:07:38:15 -0400] "GET /b/2016/03/12/ggplot2%E3%81%A7%E5%AD%97%E5%B9%95-subtitles-in-ggplot2 HTTP/1.1" 301 5 "-" "Mozilla/5.0 (TweetmemeBot/4.0; +http://datasift.com/bot.html) Gecko/20100101 Firefox/31.0"
37.133.35.29 - - [17/Apr/2016:07:38:19 -0400] "GET /b/wp-content/uploads/2016/01/RStudioScreenSnapz003.png HTTP/1.1" 200 42167 "http://www.r-bloggers.com/page/8/?s=stock" "Mozilla/5.0 (iPad; CPU OS 9_3_1 like Mac OS X) AppleWebKit/601.1.46 (KHTML, like Gecko) Mobile/13E238"
198.50.159.82 - - [17/Apr/2016:07:38:22 -0400] "GET /b/2016/03/12/ggplot2%E3%81%A7%E5%AD%97%E5%B9%95-subtitles-in-ggplot2/?utm_content=buffer42831&utm_medium=social&utm_source=twitter.com&utm_campaign=buffer HTTP/1.1" 200 16629 "-" "Mozilla/5.0 (Macintosh; Intel Mac OS X 10.10; rv:41.0) Gecko/20100101 Firefox/41.0"
82.242.206.133 - - [17/Apr/2016:07:38:26 -0400] "GET /b/wp-content/themes/read/css/fonts/FontAwesome/fontawesome-webfont.woff HTTP/1.1" 304 0 "https://rud.is/b/2016/04/13/52-vis-week-1-winners/" "Mozilla/5.0 (Windows NT 10.0; WOW64) AppleWebKit/537.36 (KHTML, like Gecko) Chrome/49.0.2623.112 Safari/537.36"
82.242.206.133 - - [17/Apr/2016:07:38:31 -0400] "GET /b/2016/04/13/52-vis-week-2-wrap-up/ HTTP/1.1" 200 14428 "https://rud.is/b/" "Mozilla/5.0 (Windows NT 10.0; WOW64) AppleWebKit/537.36 (KHTML, like Gecko) Chrome/49.0.2623.112 Safari/537.36"
82.242.206.133 - - [17/Apr/2016:07:38:31 -0400] "GET /b/wp-includes/css/dashicons.min.css?ver=4d618601f270b2b25e1705d89c1e3dbd HTTP/1.1" 304 0 "https://rud.is/b/2016/04/13/52-vis-week-2-wrap-up/" "Mozilla/5.0 (Windows NT 10.0; WOW64) AppleWebKit/537.36 (KHTML, like Gecko) Chrome/49.0.2623.112 Safari/537.36"
82.242.206.133 - - [17/Apr/2016:07:38:31 -0400] "GET /b/wp-includes/js/jquery/jquery.js?ver=1.12.3 HTTP/1.1" 304 0 "https://rud.is/b/2016/04/13/52-vis-week-2-wrap-up/" "Mozilla/5.0 (Windows NT 10.0; WOW64) AppleWebKit/537.36 (KHTML, like Gecko) Chrome/49.0.2623.112 Safari/537.36"
82.242.206.133 - - [17/Apr/2016:07:38:31 -0400] "GET /b/wp-includes/js/jquery/jquery-migrate.min.js?ver=1.4.0 HTTP/1.1" 304 0 "https://rud.is/b/2016/04/13/52-vis-week-2-wrap-up/" "Mozilla/5.0 (Windows NT 10.0; WOW64) AppleWebKit/537.36 (KHTML, like Gecko) Chrome/49.0.2623.112 Safari/537.36"
82.242.206.133 - - [17/Apr/2016:07:38:31 -0400] "GET /b/wp-includes/js/jquery/jquery.js?ver=1.12.3 HTTP/1.1" 304 0 "https://rud.is/b/2016/04/13/52-vis-week-2-wrap-up/" "Mozilla/5.0 (Windows NT 10.0; WOW64) AppleWebKit/537.36 (KHTML, like Gecko) Chrome/49.0.2623.112 Safari/537.36"
82.242.206.133 - - [17/Apr/2016:07:38:32 -0400] "GET /b/wp-includes/js/wp-emoji-release.min.js?ver=4d618601f270b2b25e1705d89c1e3dbd HTTP/1.1" 304 0 "https://rud.is/b/2016/04/13/52-vis-week-2-wrap-up/" "Mozilla/5.0 (Windows NT 10.0; WOW64) AppleWebKit/537.36 (KHTML, like Gecko) Chrome/49.0.2623.112 Safari/537.36"
82.242.206.133 - - [17/Apr/2016:07:38:32 -0400] "GET /b/wp-content/uploads/2016/04/homeless_rates.png HTTP/1.1" 200 27259 "https://rud.is/b/2016/04/13/52-vis-week-2-wrap-up/" "Mozilla/5.0 (Windows NT 10.0; WOW64) AppleWebKit/537.36 (KHTML, like Gecko) Chrome/49.0.2623.112 Safari/537.36"
82.242.206.133 - - [17/Apr/2016:07:38:32 -0400] "GET /b/wp-content/uploads/2016/04/unnamed-chunk-9-1.png HTTP/1.1" 200 45742 "https://rud.is/b/2016/04/13/52-vis-week-2-wrap-up/" "Mozilla/5.0 (Windows NT 10.0; WOW64) AppleWebKit/537.36 (KHTML, like Gecko) Chrome/49.0.2623.112 Safari/537.36"
82.242.206.133 - - [17/Apr/2016:07:38:32 -0400] "GET /52vis/2016-14/cmrunton/ HTTP/1.1" 200 1517 "https://rud.is/b/2016/04/13/52-vis-week-2-wrap-up/" "Mozilla/5.0 (Windows NT 10.0; WOW64) AppleWebKit/537.36 (KHTML, like Gecko) Chrome/49.0.2623.112 Safari/537.36"
82.242.206.133 - - [17/Apr/2016:07:38:32 -0400] "GET /b/wp-content/uploads/2016/04/HomelessPopulation_optim.gif HTTP/1.1" 200 214825 "https://rud.is/b/2016/04/13/52-vis-week-2-wrap-up/" "Mozilla/5.0 (Windows NT 10.0; WOW64) AppleWebKit/537.36 (KHTML, like Gecko) Chrome/49.0.2623.112 Safari/537.36"
82.242.206.133 - - [17/Apr/2016:07:38:32 -0400] "GET /b/wp-content/uploads/2016/04/unnamed-chunk-7-1.png HTTP/1.1" 200 70100 "https://rud.is/b/2016/04/13/52-vis-week-2-wrap-up/" "Mozilla/5.0 (Windows NT 10.0; WOW64) AppleWebKit/537.36 (KHTML, like Gecko) Chrome/49.0.2623.112 Safari/537.36"
82.242.206.133 - - [17/Apr/2016:07:38:32 -0400] "GET /b/wp-content/themes/read/css/fonts/justvector/justvector-webfont.woff HTTP/1.1" 304 0 "https://rud.is/b/2016/04/13/52-vis-week-2-wrap-up/" "Mozilla/5.0 (Windows NT 10.0; WOW64) AppleWebKit/537.36 (KHTML, like Gecko) Chrome/49.0.2623.112 Safari/537.36"
82.242.206.133 - - [17/Apr/2016:07:38:32 -0400] "GET /52vis/2016-14/cmrunton/viz.js HTTP/1.1" 200 5814 "https://rud.is/52vis/2016-14/cmrunton/" "Mozilla/5.0 (Windows NT 10.0; WOW64) AppleWebKit/537.36 (KHTML, like Gecko) Chrome/49.0.2623.112 Safari/537.36"
82.242.206.133 - - [17/Apr/2016:07:38:33 -0400] "GET /b/2016/04/13/52-vis-week-2-wrap-up/?relatedposts=1 HTTP/1.1" 200 14455 "https://rud.is/b/2016/04/13/52-vis-week-2-wrap-up/" "Mozilla/5.0 (Windows NT 10.0; WOW64) AppleWebKit/537.36 (KHTML, like Gecko) Chrome/49.0.2623.112 Safari/537.36"
82.242.206.133 - - [17/Apr/2016:07:38:33 -0400] "GET /b/wp-content/uploads/2016/04/Rplot01.png HTTP/1.1" 200 7407 "https://rud.is/b/2016/04/13/52-vis-week-2-wrap-up/" "Mozilla/5.0 (Windows NT 10.0; WOW64) AppleWebKit/537.36 (KHTML, like Gecko) Chrome/49.0.2623.112 Safari/537.36"
82.242.206.133 - - [17/Apr/2016:07:38:33 -0400] "GET /b/wp-content/uploads/2016/04/homelesslines.png HTTP/1.1" 200 136477 "https://rud.is/b/2016/04/13/52-vis-week-2-wrap-up/" "Mozilla/5.0 (Windows NT 10.0; WOW64) AppleWebKit/537.36 (KHTML, like Gecko) Chrome/49.0.2623.112 Safari/537.36"
82.242.206.133 - - [17/Apr/2016:07:38:33 -0400] "GET /b/wp-content/uploads/2016/04/homeless_plot.png HTTP/1.1" 200 78426 "https://rud.is/b/2016/04/13/52-vis-week-2-wrap-up/" "Mozilla/5.0 (Windows NT 10.0; WOW64) AppleWebKit/537.36 (KHTML, like Gecko) Chrome/49.0.2623.112 Safari/537.36"
82.242.206.133 - - [17/Apr/2016:07:38:33 -0400] "GET /b/wp-content/uploads/2016/04/sheltered-homeless-by-state.gif HTTP/1.1" 200 195023 "https://rud.is/b/2016/04/13/52-vis-week-2-wrap-up/" "Mozilla/5.0 (Windows NT 10.0; WOW64) AppleWebKit/537.36 (KHTML, like Gecko) Chrome/49.0.2623.112 Safari/537.36"
82.242.206.133 - - [17/Apr/2016:07:38:34 -0400] "GET /b/wp-content/uploads/2016/04/homelessmaps.png HTTP/1.1" 200 113374 "https://rud.is/b/2016/04/13/52-vis-week-2-wrap-up/" "Mozilla/5.0 (Windows NT 10.0; WOW64) AppleWebKit/537.36 (KHTML, like Gecko) Chrome/49.0.2623.112 Safari/537.36"
82.242.206.133 - - [17/Apr/2016:07:38:34 -0400] "GET /52vis/2016-14/jbkunst/ HTTP/1.1" 200 1306694 "https://rud.is/b/2016/04/13/52-vis-week-2-wrap-up/" "Mozilla/5.0 (Windows NT 10.0; WOW64) AppleWebKit/537.36 (KHTML, like Gecko) Chrome/49.0.2623.112 Safari/537.36"
82.242.206.133 - - [17/Apr/2016:07:38:34 -0400] "GET /52vis/2016-14/cmrunton/viz.js HTTP/1.1" 304 0 "https://rud.is/52vis/2016-14/cmrunton/" "Mozilla/5.0 (Windows NT 10.0; WOW64) AppleWebKit/537.36 (KHTML, like Gecko) Chrome/49.0.2623.112 Safari/537.36"
82.242.206.133 - - [17/Apr/2016:07:38:34 -0400] "GET /52vis/2016-14/cmrunton/normalized_data.json HTTP/1.1" 200 70192 "https://rud.is/52vis/2016-14/cmrunton/" "Mozilla/5.0 (Windows NT 10.0; WOW64) AppleWebKit/537.36 (KHTML, like Gecko) Chrome/49.0.2623.112 Safari/537.36"
82.242.206.133 - - [17/Apr/2016:07:38:35 -0400] "GET /52vis/2016-14/jbkunst/undefined HTTP/1.1" 404 839 "https://rud.is/52vis/2016-14/jbkunst/" "Mozilla/5.0 (Windows NT 10.0; WOW64) AppleWebKit/537.36 (KHTML, like Gecko) Chrome/49.0.2623.112 Safari/537.36"
82.242.206.133 - - [17/Apr/2016:07:38:35 -0400] "GET /52vis/2016-14/cmrunton/us.json HTTP/1.1" 200 691729 "https://rud.is/52vis/2016-14/cmrunton/" "Mozilla/5.0 (Windows NT 10.0; WOW64) AppleWebKit/537.36 (KHTML, like Gecko) Chrome/49.0.2623.112 Safari/537.36"
82.242.206.133 - - [17/Apr/2016:07:38:36 -0400] "GET /52vis/2016-14/jkaupp/National%20level%20HUD%20v%20CoC%20Funding.svg HTTP/1.1" 200 2643905 "https://rud.is/b/2016/04/13/52-vis-week-2-wrap-up/" "Mozilla/5.0 (Windows NT 10.0; WOW64) AppleWebKit/537.36 (KHTML, like Gecko) Chrome/49.0.2623.112 Safari/537.36"
192.0.100.11 - - [17/Apr/2016:07:38:44 -0400] "GET /dl/psnh.svg HTTP/1.1" 200 763072 "-" "Photon/1.0"
82.242.206.133 - - [17/Apr/2016:07:38:47 -0400] "GET /52vis/2016-14/jkaupp/State%20level%20HUD%20v%20CoC%20Funding.svg HTTP/1.1" 200 15841994 "https://rud.is/b/2016/04/13/52-vis-week-2-wrap-up/" "Mozilla/5.0 (Windows NT 10.0; WOW64) AppleWebKit/537.36 (KHTML, like Gecko) Chrome/49.0.2623.112 Safari/537.36"
82.242.206.133 - - [17/Apr/2016:07:38:47 -0400] "GET /52vis/2016-14/jkaupp/State%20level%20HUD%20v%20CoC%20Funding.svg HTTP/1.1" 304 0 "https://rud.is/b/2016/04/13/52-vis-week-2-wrap-up/" "Mozilla/5.0 (Windows NT 10.0; WOW64) AppleWebKit/537.36 (KHTML, like Gecko) Chrome/49.0.2623.112 Safari/537.36"
82.154.214.57 - - [17/Apr/2016:07:38:48 -0400] "GET /b/wp-content/uploads/2016/04/drones-by-state-and-pop.png HTTP/1.1" 200 59873 "http://www.r-bloggers.com/" "Mozilla/5.0 (Macintosh; Intel Mac OS X 10_9_5) AppleWebKit/601.5.17 (KHTML, like Gecko) Version/9.1 Safari/537.86.5"
82.154.214.57 - - [17/Apr/2016:07:38:48 -0400] "GET /b/wp-content/uploads/2016/04/homeless_rates.png HTTP/1.1" 200 27259 "http://www.r-bloggers.com/" "Mozilla/5.0 (Macintosh; Intel Mac OS X 10_9_5) AppleWebKit/601.5.17 (KHTML, like Gecko) Version/9.1 Safari/537.86.5"
82.154.214.57 - - [17/Apr/2016:07:38:48 -0400] "GET /b/wp-content/uploads/2016/04/Fullscreen_4_12_16__8_38_PM.png HTTP/1.1" 200 38479 "http://www.r-bloggers.com/" "Mozilla/5.0 (Macintosh; Intel Mac OS X 10_9_5) AppleWebKit/601.5.17 (KHTML, like Gecko) Version/9.1 Safari/537.86.5"
82.154.214.57 - - [17/Apr/2016:07:38:48 -0400] "GET /b/wp-content/uploads/2016/04/waste.png HTTP/1.1" 200 87878 "http://www.r-bloggers.com/" "Mozilla/5.0 (Macintosh; Intel Mac OS X 10_9_5) AppleWebKit/601.5.17 (KHTML, like Gecko) Version/9.1 Safari/537.86.5"
1.44.14.209 - - [17/Apr/2016:07:39:02 -0400] "GET /b/wp-content/uploads/2016/04/homeless_rates.png HTTP/1.1" 200 27259 "http://www.r-bloggers.com/" "Mozilla/5.0 (Linux; Android 5.0.2; SM-T815Y Build/LRX22G) AppleWebKit/537.36 (KHTML, like Gecko) Chrome/49.0.2623.105 Safari/537.36"
1.44.14.209 - - [17/Apr/2016:07:39:02 -0400] "GET /b/wp-content/uploads/2016/04/drones-by-state-and-pop.png HTTP/1.1" 200 59873 "http://www.r-bloggers.com/" "Mozilla/5.0 (Linux; Android 5.0.2; SM-T815Y Build/LRX22G) AppleWebKit/537.36 (KHTML, like Gecko) Chrome/49.0.2623.105 Safari/537.36"
1.44.14.209 - - [17/Apr/2016:07:39:02 -0400] "GET /b/wp-content/uploads/2016/04/Fullscreen_4_12_16__8_38_PM.png HTTP/1.1" 200 38479 "http://www.r-bloggers.com/" "Mozilla/5.0 (Linux; Android 5.0.2; SM-T815Y Build/LRX22G) AppleWebKit/537.36 (KHTML, like Gecko) Chrome/49.0.2623.105 Safari/537.36"
1.44.14.209 - - [17/Apr/2016:07:39:02 -0400] "GET /b/wp-content/uploads/2016/04/waste.png HTTP/1.1" 200 87878 "http://www.r-bloggers.com/" "Mozilla/5.0 (Linux; Android 5.0.2; SM-T815Y Build/LRX22G) AppleWebKit/537.36 (KHTML, like Gecko) Chrome/49.0.2623.105 Safari/537.36"
167.220.196.250 - - [17/Apr/2016:07:39:14 -0400] "GET /b/wp-content/uploads/2013/10/linkedinq31-300x124.png HTTP/1.1" 200 20464 "http://www.r-bloggers.com/alternative-to-grouped-bar-charts-in-r/" "Mozilla/5.0 (Windows NT 10.0; Win64; x64) AppleWebKit/537.36 (KHTML, like Gecko) Chrome/49.0.2623.110 Safari/537.36"
88.217.181.207 - - [17/Apr/2016:07:39:20 -0400] "GET /b/wp-content/uploads/2016/04/drones-by-state-and-pop.png HTTP/1.1" 200 59873 "http://www.r-bloggers.com/" "Mozilla/5.0 (Macintosh; Intel Mac OS X 10_11_5) AppleWebKit/601.6.14 (KHTML, like Gecko) Version/9.1.1 Safari/601.6.14"
88.217.181.207 - - [17/Apr/2016:07:39:21 -0400] "GET /b/wp-content/uploads/2016/04/Fullscreen_4_12_16__8_38_PM.png HTTP/1.1" 200 38479 "http://www.r-bloggers.com/" "Mozilla/5.0 (Macintosh; Intel Mac OS X 10_11_5) AppleWebKit/601.6.14 (KHTML, like Gecko) Version/9.1.1 Safari/601.6.14"
88.217.181.207 - - [17/Apr/2016:07:39:21 -0400] "GET /b/wp-content/uploads/2016/04/homeless_rates.png HTTP/1.1" 200 27259 "http://www.r-bloggers.com/" "Mozilla/5.0 (Macintosh; Intel Mac OS X 10_11_5) AppleWebKit/601.6.14 (KHTML, like Gecko) Version/9.1.1 Safari/601.6.14"
203.109.75.26 - - [17/Apr/2016:07:39:21 -0400] "GET /b/wp-content/uploads/2016/04/drones-by-state-and-pop.png HTTP/1.1" 200 59873 "https://feedly.com/i/category/analytics" "Mozilla/5.0 (Macintosh; Intel Mac OS X 10_9_5) AppleWebKit/537.78.2 (KHTML, like Gecko)"
88.217.181.207 - - [17/Apr/2016:07:39:21 -0400] "GET /b/wp-content/uploads/2016/04/waste.png HTTP/1.1" 200 87878 "http://www.r-bloggers.com/" "Mozilla/5.0 (Macintosh; Intel Mac OS X 10_11_5) AppleWebKit/601.6.14 (KHTML, like Gecko) Version/9.1.1 Safari/601.6.14"
203.109.75.26 - - [17/Apr/2016:07:39:22 -0400] "GET /b/wp-content/uploads/2016/04/homelesslines.png HTTP/1.1" 200 136477 "https://feedly.com/i/category/analytics" "Mozilla/5.0 (Macintosh; Intel Mac OS X 10_9_5) AppleWebKit/537.78.2 (KHTML, like Gecko)"
216.229.170.227 - - [17/Apr/2016:07:39:26 -0400] "GET /b/feed/ HTTP/1.1" 304 0 "-" "Mozilla/4.0 (compatible; MSIE 7.0; Windows NT 6.3; WOW64; Trident/7.0; .NET4.0E; .NET4.0C; InfoPath.3; .NET CLR 3.5.30729; .NET CLR 2.0.50727; .NET CLR 3.0.30729; Microsoft Outlook 15.0.4815; ms-office; MSOffice 15)"
82.242.206.133 - - [17/Apr/2016:07:39:46 -0400] "GET /b/wp-content/themes/read/css/fonts/FontAwesome/fontawesome-webfont.woff HTTP/1.1" 304 0 "https://rud.is/b/2016/04/13/52-vis-week-2-wrap-up/" "Mozilla/5.0 (Windows NT 10.0; WOW64) AppleWebKit/537.36 (KHTML, like Gecko) Chrome/49.0.2623.112 Safari/537.36"
82.242.206.133 - - [17/Apr/2016:07:39:51 -0400] "GET /b/2016/04/13/52vis-week-3-waste-not-want-not/ HTTP/1.1" 200 15514 "https://rud.is/b/" "Mozilla/5.0 (Windows NT 10.0; WOW64) AppleWebKit/537.36 (KHTML, like Gecko) Chrome/49.0.2623.112 Safari/537.36"
82.242.206.133 - - [17/Apr/2016:07:39:52 -0400] "GET /b/wp-includes/css/dashicons.min.css?ver=4d618601f270b2b25e1705d89c1e3dbd HTTP/1.1" 304 0 "https://rud.is/b/2016/04/13/52vis-week-3-waste-not-want-not/" "Mozilla/5.0 (Windows NT 10.0; WOW64) AppleWebKit/537.36 (KHTML, like Gecko) Chrome/49.0.2623.112 Safari/537.36"
82.242.206.133 - - [17/Apr/2016:07:39:52 -0400] "GET /b/wp-includes/js/jquery/jquery.js?ver=1.12.3 HTTP/1.1" 304 0 "https://rud.is/b/2016/04/13/52vis-week-3-waste-not-want-not/" "Mozilla/5.0 (Windows NT 10.0; WOW64) AppleWebKit/537.36 (KHTML, like Gecko) Chrome/49.0.2623.112 Safari/537.36"
82.242.206.133 - - [17/Apr/2016:07:39:52 -0400] "GET /b/wp-includes/js/jquery/jquery-migrate.min.js?ver=1.4.0 HTTP/1.1" 304 0 "https://rud.is/b/2016/04/13/52vis-week-3-waste-not-want-not/" "Mozilla/5.0 (Windows NT 10.0; WOW64) AppleWebKit/537.36 (KHTML, like Gecko) Chrome/49.0.2623.112 Safari/537.36"
82.242.206.133 - - [17/Apr/2016:07:39:52 -0400] "GET /b/wp-includes/js/wp-emoji-release.min.js?ver=4d618601f270b2b25e1705d89c1e3dbd HTTP/1.1" 304 0 "https://rud.is/b/2016/04/13/52vis-week-3-waste-not-want-not/" "Mozilla/5.0 (Windows NT 10.0; WOW64) AppleWebKit/537.36 (KHTML, like Gecko) Chrome/49.0.2623.112 Safari/537.36"
82.242.206.133 - - [17/Apr/2016:07:39:52 -0400] "GET /b/wp-content/themes/read/css/fonts/justvector/justvector-webfont.woff HTTP/1.1" 304 0 "https://rud.is/b/2016/04/13/52vis-week-3-waste-not-want-not/" "Mozilla/5.0 (Windows NT 10.0; WOW64) AppleWebKit/537.36 (KHTML, like Gecko) Chrome/49.0.2623.112 Safari/537.36"
82.242.206.133 - - [17/Apr/2016:07:39:53 -0400] "GET /b/2016/04/13/52vis-week-3-waste-not-want-not/?relatedposts=1 HTTP/1.1" 200 15542 "https://rud.is/b/2016/04/13/52vis-week-3-waste-not-want-not/" "Mozilla/5.0 (Windows NT 10.0; WOW64) AppleWebKit/537.36 (KHTML, like Gecko) Chrome/49.0.2623.112 Safari/537.36"
212.129.57.70 - - [17/Apr/2016:07:40:05 -0400] "GET /b HTTP/1.1" 301 193 "http://rudis.net/" "Mozilla/5.0 (Windows NT 5.1) AppleWebKit/537.36 (KHTML, like Gecko) Chrome/39.0.2171.95 Safari/537.36 OPR/26.0.1656.60"
212.129.57.70 - - [17/Apr/2016:07:40:07 -0400] "GET /b/ HTTP/1.1" 200 8593 "http://rudis.net/" "Mozilla/5.0 (Windows NT 5.1) AppleWebKit/537.36 (KHTML, like Gecko) Chrome/39.0.2171.95 Safari/537.36 OPR/26.0.1656.60"
37.133.35.29 - - [17/Apr/2016:07:40:20 -0400] "GET /b/wp-content/uploads/2015/07/seattle_map-1.png HTTP/1.1" 200 49172 "http://www.r-bloggers.com/page/10/?s=stock" "Mozilla/5.0 (iPad; CPU OS 9_3_1 like Mac OS X) AppleWebKit/601.1.46 (KHTML, like Gecko) Mobile/13E238"
37.133.35.29 - - [17/Apr/2016:07:40:20 -0400] "GET /b/wp-content/uploads/2015/07/Voronoi_Arc_Map.png HTTP/1.1" 200 71245 "http://www.r-bloggers.com/page/10/?s=stock" "Mozilla/5.0 (iPad; CPU OS 9_3_1 like Mac OS X) AppleWebKit/601.1.46 (KHTML, like Gecko) Mobile/13E238"
1.44.14.209 - - [17/Apr/2016:07:40:27 -0400] "GET /b/wp-content/uploads/2016/04/Fullscreen_4_11_16__12_35_AM.png HTTP/1.1" 200 11155 "http://www.r-bloggers.com/page/2/" "Mozilla/5.0 (Linux; Android 5.0.2; SM-T815Y Build/LRX22G) AppleWebKit/537.36 (KHTML, like Gecko) Chrome/49.0.2623.105 Safari/537.36"
1.44.14.209 - - [17/Apr/2016:07:40:27 -0400] "GET /b/wp-content/uploads/2016/04/download.png HTTP/1.1" 200 54765 "http://www.r-bloggers.com/page/2/" "Mozilla/5.0 (Linux; Android 5.0.2; SM-T815Y Build/LRX22G) AppleWebKit/537.36 (KHTML, like Gecko) Chrome/49.0.2623.105 Safari/537.36"
38.99.97.66 - - [17/Apr/2016:07:41:02 -0400] "GET /b/tag/google/ HTTP/1.1" 200 7932 "-" "Mozilla/5.0 (compatible; ScoutJet; +http://www.scoutjet.com/)"
162.243.71.33 - - [17/Apr/2016:07:41:05 -0400] "GET /b/feed/ HTTP/1.1" 200 45411 "-" "Feedbin feed-id:574500 - 4 subscribers"
31.221.94.142 - - [17/Apr/2016:07:41:10 -0400] "GET /projects/clinton_emails_01.html?utm_content=buffera41c5&utm_medium=social&utm_source=twitter.com&utm_campaign=buffer HTTP/1.1" 200 409346 "https://t.co/eYaHjosZSR" "Mozilla/5.0 (Macintosh; Intel Mac OS X 10_10_3) AppleWebKit/537.36 (KHTML, like Gecko) Chrome/49.0.2623.112 Safari/537.36"
46.236.24.51 - - [17/Apr/2016:07:41:10 -0400] "GET /projects/clinton_emails_01.html HTTP/1.1" 206 30721 "-" "Mozilla/5.0 (TweetmemeBot/4.0; +http://datasift.com/bot.html) Gecko/20100101 Firefox/31.0"
31.221.94.142 - - [17/Apr/2016:07:41:12 -0400] "GET /piwik/piwik.js HTTP/1.1" 200 18147 "http://rud.is/projects/clinton_emails_01.html?utm_content=buffera41c5&utm_medium=social&utm_source=twitter.com&utm_campaign=buffer" "Mozilla/5.0 (Macintosh; Intel Mac OS X 10_10_3) AppleWebKit/537.36 (KHTML, like Gecko) Chrome/49.0.2623.112 Safari/537.36"
31.221.94.142 - - [17/Apr/2016:07:41:13 -0400] "GET /piwik/piwik.php?action_name=Visualizing%20the%20Clinton%20Email%20Network%20in%20R&idsite=2&rec=1&r=027472&h=12&m=41&s=18&url=http%3A%2F%2Frud.is%2Fprojects%2Fclinton_emails_01.html%3Futm_content%3Dbuffera41c5%26utm_medium%3Dsocial%26utm_source%3Dtwitter.com%26utm_campaign%3Dbuffer&urlref=https%3A%2F%2Ft.co%2FeYaHjosZSR&_id=50c57f84d7cd231f&_idts=1460893278&_idvc=1&_idn=0&_rcn=buffer&_refts=1460893278&_viewts=1460893278&_ref=https%3A%2F%2Ft.co%2FeYaHjosZSR&send_image=0&pdf=1&qt=0&realp=0&wma=0&dir=0&fla=1&java=0&gears=0&ag=0&cookie=1&res=1440x900&gt_ms=2537 HTTP/1.1" 204 0 "http://rud.is/projects/clinton_emails_01.html?utm_content=buffera41c5&utm_medium=social&utm_source=twitter.com&utm_campaign=buffer" "Mozilla/5.0 (Macintosh; Intel Mac OS X 10_10_3) AppleWebKit/537.36 (KHTML, like Gecko) Chrome/49.0.2623.112 Safari/537.36"
192.0.100.11 - - [17/Apr/2016:07:41:15 -0400] "GET /dl/psnh.svg HTTP/1.1" 200 763072 "-" "Photon/1.0"
200.138.232.0 - - [17/Apr/2016:07:41:21 -0400] "GET /b/wp-content/uploads/2016/04/Fullscreen_4_12_16__8_38_PM.png HTTP/1.1" 200 38479 "https://bay179.mail.live.com/?tid=cm9F7dWjcC5hGON3jjtRqmeg2&fid=flinbox" "Mozilla/5.0 (Windows NT 6.3; WOW64) AppleWebKit/537.36 (KHTML, like Gecko) Chrome/49.0.2623.112 Safari/537.36"
1.44.14.209 - - [17/Apr/2016:07:41:29 -0400] "GET /b/wp-content/uploads/2016/04/percapita.png HTTP/1.1" 200 127720 "http://www.r-bloggers.com/page/3/" "Mozilla/5.0 (Linux; Android 5.0.2; SM-T815Y Build/LRX22G) AppleWebKit/537.36 (KHTML, like Gecko) Chrome/49.0.2623.105 Safari/537.36"
79.148.129.179 - - [17/Apr/2016:07:41:57 -0400] "GET /b/wp-content/uploads/2016/04/waste.png HTTP/1.1" 200 87878 "http://www.r-bloggers.com/" "Mozilla/5.0 (Windows NT 10.0; WOW64; rv:45.0) Gecko/20100101 Firefox/45.0"
79.148.129.179 - - [17/Apr/2016:07:41:57 -0400] "GET /b/wp-content/uploads/2016/04/homeless_rates.png HTTP/1.1" 200 27259 "http://www.r-bloggers.com/" "Mozilla/5.0 (Windows NT 10.0; WOW64; rv:45.0) Gecko/20100101 Firefox/45.0"
79.148.129.179 - - [17/Apr/2016:07:41:57 -0400] "GET /b/wp-content/uploads/2016/04/Fullscreen_4_12_16__8_38_PM.png HTTP/1.1" 200 38479 "http://www.r-bloggers.com/" "Mozilla/5.0 (Windows NT 10.0; WOW64; rv:45.0) Gecko/20100101 Firefox/45.0"
79.148.129.179 - - [17/Apr/2016:07:41:57 -0400] "GET /b/wp-content/uploads/2016/04/drones-by-state-and-pop.png HTTP/1.1" 200 59873 "http://www.r-bloggers.com/" "Mozilla/5.0 (Windows NT 10.0; WOW64; rv:45.0) Gecko/20100101 Firefox/45.0"
106.186.116.75 - - [17/Apr/2016:07:42:01 -0400] "GET /d3/asn/asn.html HTTP/1.1" 200 910 "-" "Mozilla/5.0 (compatible; Baiduspider/2.0; +http://www.baidu.com/search/spider.html)"
62.210.104.23 - - [17/Apr/2016:07:42:07 -0400] "GET /d3/asn/asn.html HTTP/1.1" 200 2035 "-" "Mozilla/5.0 (compatible; Googlebot/2.1; +http://www.google.com/bot.html)"
205.210.42.86 - - [17/Apr/2016:07:42:15 -0400] "GET /b HTTP/1.1" 301 193 "-" "easyDNS Monitoring ( http://easyurl.net/monitoring )"
205.210.42.86 - - [17/Apr/2016:07:42:17 -0400] "GET /b/ HTTP/1.1" 200 36014 "-" "easyDNS Monitoring ( http://easyurl.net/monitoring )"
106.186.116.75 - - [17/Apr/2016:07:42:18 -0400] "GET /d3/asn/asn.html HTTP/1.1" 200 910 "-" "Mozilla/5.0 (compatible; Baiduspider/2.0; +http://www.baidu.com/search/spider.html)"
192.0.100.35 - - [17/Apr/2016:07:42:20 -0400] "GET /b/wp-content/uploads/2016/03/RStudioScreenSnapz021.png HTTP/1.1" 200 22080 "-" "Photon/1.0"
84.74.199.190 - - [17/Apr/2016:07:42:22 -0400] "GET /b/wp-content/uploads/2016/04/homelesslines.png HTTP/1.1" 200 136477 "http://feedly.com/i/subscription/feed/http://feeds.feedburner.com/RBloggers" "Mozilla/5.0 (Macintosh; Intel Mac OS X 10.11; rv:45.0) Gecko/20100101 Firefox/45.0"
84.74.199.190 - - [17/Apr/2016:07:42:22 -0400] "GET /b/wp-content/uploads/2016/04/drones-by-state-and-pop.png HTTP/1.1" 200 59873 "http://feedly.com/i/subscription/feed/http://feeds.feedburner.com/RBloggers" "Mozilla/5.0 (Macintosh; Intel Mac OS X 10.11; rv:45.0) Gecko/20100101 Firefox/45.0"
84.74.199.190 - - [17/Apr/2016:07:42:23 -0400] "GET /b/wp-content/uploads/2016/04/waste.png HTTP/1.1" 200 87878 "http://feedly.com/i/subscription/feed/http://feeds.feedburner.com/RBloggers" "Mozilla/5.0 (Macintosh; Intel Mac OS X 10.11; rv:45.0) Gecko/20100101 Firefox/45.0"
104.236.112.222 - - [17/Apr/2016:07:42:26 -0400] "POST /b/wp-cron.php?doing_wp_cron=1460893346.7920320034027099609375 HTTP/1.0" 499 0 "-" "WordPress/4.5; http://rud.is/b"
212.8.189.18 - - [17/Apr/2016:07:42:27 -0400] "GET /b/feed/ HTTP/1.1" 200 45397 "-" "Mozilla/5.0 (Windows NT 6.0; WOW64; rv:24.0) Gecko/20100101 Firefox/24.0"
172.3.110.90 - - [17/Apr/2016:07:42:28 -0400] "GET /b/feed/atom/ HTTP/1.1" 304 0 "-" "Windows-RSS-Platform/2.0 (IE 11.0; Windows NT 10.0)"
66.147.244.91 - - [17/Apr/2016:07:42:31 -0400] "GET /b/feed/ HTTP/1.1" 200 45411 "http://rud.is/b/feed/" "SimplePie/1.3.1 (Feed Parser; http://simplepie.org; Allow like Gecko) Build/20140102182713"
84.74.199.190 - - [17/Apr/2016:07:42:31 -0400] "GET /b/wp-content/uploads/2016/04/Fullscreen_4_12_16__8_38_PM.png HTTP/1.1" 200 38479 "http://feedly.com/i/subscription/feed/http://feeds.feedburner.com/RBloggers" "Mozilla/5.0 (Macintosh; Intel Mac OS X 10.11; rv:45.0) Gecko/20100101 Firefox/45.0"
84.74.199.190 - - [17/Apr/2016:07:42:31 -0400] "GET /b/wp-content/uploads/2016/04/Fullscreen_4_11_16__12_35_AM.png HTTP/1.1" 200 11155 "http://feedly.com/i/subscription/feed/http://feeds.feedburner.com/RBloggers" "Mozilla/5.0 (Macintosh; Intel Mac OS X 10.11; rv:45.0) Gecko/20100101 Firefox/45.0"
84.74.199.190 - - [17/Apr/2016:07:42:37 -0400] "GET /b/wp-content/uploads/2016/04/download.png HTTP/1.1" 200 54765 "http://feedly.com/i/subscription/feed/http://feeds.feedburner.com/RBloggers" "Mozilla/5.0 (Macintosh; Intel Mac OS X 10.11; rv:45.0) Gecko/20100101 Firefox/45.0"
208.121.64.7 - - [17/Apr/2016:07:42:42 -0400] "GET /b/feed/ HTTP/1.1" 304 0 "-" "Mozilla/4.0 (compatible; MSIE 7.0; Windows NT 6.1; WOW64; Trident/7.0; SLCC2; .NET CLR 2.0.50727; .NET CLR 3.5.30729; .NET CLR 3.0.30729; Media Center PC 6.0; .NET4.0C; .NET4.0E; InfoPath.3; Microsoft Outlook 14.0.7168; ms-office; MSOffice 14)"
54.151.26.128 - - [17/Apr/2016:07:42:50 -0400] "GET /b/feed/ HTTP/1.1" 304 0 "-" "Digg Feed Fetcher 1.0 (Mozilla/5.0 (Macintosh; Intel Mac OS X 10_7_1) AppleWebKit/534.48.3 (KHTML, like Gecko) Version/5.1 Safari/534.48.3)"
